Archive member included to satisfy reference by file (symbol)

c:/st/stm32cubeide_1.8.0/stm32cubeide/plugins/com.st.stm32cube.ide.mcu.externaltools.gnu-tools-for-stm32.9-2020-q2-update.win32_2.0.0.202105311346/tools/bin/../lib/gcc/arm-none-eabi/9.3.1/../../../../arm-none-eabi/lib/thumb/v7e-m+fp/hard\libc_nano.a(lib_a-errno.o)
                              ./Core/Src/syscalls.o (__errno)
c:/st/stm32cubeide_1.8.0/stm32cubeide/plugins/com.st.stm32cube.ide.mcu.externaltools.gnu-tools-for-stm32.9-2020-q2-update.win32_2.0.0.202105311346/tools/bin/../lib/gcc/arm-none-eabi/9.3.1/../../../../arm-none-eabi/lib/thumb/v7e-m+fp/hard\libc_nano.a(lib_a-exit.o)
                              c:/st/stm32cubeide_1.8.0/stm32cubeide/plugins/com.st.stm32cube.ide.mcu.externaltools.gnu-tools-for-stm32.9-2020-q2-update.win32_2.0.0.202105311346/tools/bin/../lib/gcc/arm-none-eabi/9.3.1/../../../../arm-none-eabi/lib/thumb/v7e-m+fp/hard/crt0.o (exit)
c:/st/stm32cubeide_1.8.0/stm32cubeide/plugins/com.st.stm32cube.ide.mcu.externaltools.gnu-tools-for-stm32.9-2020-q2-update.win32_2.0.0.202105311346/tools/bin/../lib/gcc/arm-none-eabi/9.3.1/../../../../arm-none-eabi/lib/thumb/v7e-m+fp/hard\libc_nano.a(lib_a-findfp.o)
                              ./Middlewares/Third_Party/FreeRTOS/Source/tasks.o (__sf_fake_stderr)
c:/st/stm32cubeide_1.8.0/stm32cubeide/plugins/com.st.stm32cube.ide.mcu.externaltools.gnu-tools-for-stm32.9-2020-q2-update.win32_2.0.0.202105311346/tools/bin/../lib/gcc/arm-none-eabi/9.3.1/../../../../arm-none-eabi/lib/thumb/v7e-m+fp/hard\libc_nano.a(lib_a-fwalk.o)
                              c:/st/stm32cubeide_1.8.0/stm32cubeide/plugins/com.st.stm32cube.ide.mcu.externaltools.gnu-tools-for-stm32.9-2020-q2-update.win32_2.0.0.202105311346/tools/bin/../lib/gcc/arm-none-eabi/9.3.1/../../../../arm-none-eabi/lib/thumb/v7e-m+fp/hard\libc_nano.a(lib_a-findfp.o) (_fwalk)
c:/st/stm32cubeide_1.8.0/stm32cubeide/plugins/com.st.stm32cube.ide.mcu.externaltools.gnu-tools-for-stm32.9-2020-q2-update.win32_2.0.0.202105311346/tools/bin/../lib/gcc/arm-none-eabi/9.3.1/../../../../arm-none-eabi/lib/thumb/v7e-m+fp/hard\libc_nano.a(lib_a-impure.o)
                              c:/st/stm32cubeide_1.8.0/stm32cubeide/plugins/com.st.stm32cube.ide.mcu.externaltools.gnu-tools-for-stm32.9-2020-q2-update.win32_2.0.0.202105311346/tools/bin/../lib/gcc/arm-none-eabi/9.3.1/../../../../arm-none-eabi/lib/thumb/v7e-m+fp/hard\libc_nano.a(lib_a-exit.o) (_global_impure_ptr)
c:/st/stm32cubeide_1.8.0/stm32cubeide/plugins/com.st.stm32cube.ide.mcu.externaltools.gnu-tools-for-stm32.9-2020-q2-update.win32_2.0.0.202105311346/tools/bin/../lib/gcc/arm-none-eabi/9.3.1/../../../../arm-none-eabi/lib/thumb/v7e-m+fp/hard\libc_nano.a(lib_a-init.o)
                              c:/st/stm32cubeide_1.8.0/stm32cubeide/plugins/com.st.stm32cube.ide.mcu.externaltools.gnu-tools-for-stm32.9-2020-q2-update.win32_2.0.0.202105311346/tools/bin/../lib/gcc/arm-none-eabi/9.3.1/../../../../arm-none-eabi/lib/thumb/v7e-m+fp/hard/crt0.o (__libc_init_array)
c:/st/stm32cubeide_1.8.0/stm32cubeide/plugins/com.st.stm32cube.ide.mcu.externaltools.gnu-tools-for-stm32.9-2020-q2-update.win32_2.0.0.202105311346/tools/bin/../lib/gcc/arm-none-eabi/9.3.1/../../../../arm-none-eabi/lib/thumb/v7e-m+fp/hard\libc_nano.a(lib_a-lock.o)
                              c:/st/stm32cubeide_1.8.0/stm32cubeide/plugins/com.st.stm32cube.ide.mcu.externaltools.gnu-tools-for-stm32.9-2020-q2-update.win32_2.0.0.202105311346/tools/bin/../lib/gcc/arm-none-eabi/9.3.1/../../../../arm-none-eabi/lib/thumb/v7e-m+fp/hard\libc_nano.a(lib_a-findfp.o) (__retarget_lock_init_recursive)
c:/st/stm32cubeide_1.8.0/stm32cubeide/plugins/com.st.stm32cube.ide.mcu.externaltools.gnu-tools-for-stm32.9-2020-q2-update.win32_2.0.0.202105311346/tools/bin/../lib/gcc/arm-none-eabi/9.3.1/../../../../arm-none-eabi/lib/thumb/v7e-m+fp/hard\libc_nano.a(lib_a-memcpy-stub.o)
                              ./Middlewares/Third_Party/FreeRTOS/Source/queue.o (memcpy)
c:/st/stm32cubeide_1.8.0/stm32cubeide/plugins/com.st.stm32cube.ide.mcu.externaltools.gnu-tools-for-stm32.9-2020-q2-update.win32_2.0.0.202105311346/tools/bin/../lib/gcc/arm-none-eabi/9.3.1/../../../../arm-none-eabi/lib/thumb/v7e-m+fp/hard\libc_nano.a(lib_a-memset.o)
                              c:/st/stm32cubeide_1.8.0/stm32cubeide/plugins/com.st.stm32cube.ide.mcu.externaltools.gnu-tools-for-stm32.9-2020-q2-update.win32_2.0.0.202105311346/tools/bin/../lib/gcc/arm-none-eabi/9.3.1/../../../../arm-none-eabi/lib/thumb/v7e-m+fp/hard/crt0.o (memset)
c:/st/stm32cubeide_1.8.0/stm32cubeide/plugins/com.st.stm32cube.ide.mcu.externaltools.gnu-tools-for-stm32.9-2020-q2-update.win32_2.0.0.202105311346/tools/bin/../lib/gcc/arm-none-eabi/9.3.1/../../../../arm-none-eabi/lib/thumb/v7e-m+fp/hard\libc_nano.a(lib_a-nano-mallocr.o)
[...]
Memory Configuration

Name             Origin             Length             Attributes
CCMRAM           0x0000000010000000 0x0000000000010000 xrw
RAM              0x0000000020000000 0x0000000000020000 xrw
FLASH            0x0000000008010000 0x0000000000070000 xr
*default*        0x0000000000000000 0xffffffffffffffff

Linker script and memory map

LOAD c:/st/stm32cubeide_1.8.0/stm32cubeide/plugins/com.st.stm32cube.ide.mcu.externaltools.gnu-tools-for-stm32.9-2020-q2-update.win32_2.0.0.202105311346/tools/bin/../lib/gcc/arm-none-eabi/9.3.1/thumb/v7e-m+fp/hard/crti.o
LOAD c:/st/stm32cubeide_1.8.0/stm32cubeide/plugins/com.st.stm32cube.ide.mcu.externaltools.gnu-tools-for-stm32.9-2020-q2-update.win32_2.0.0.202105311346/tools/bin/../lib/gcc/arm-none-eabi/9.3.1/thumb/v7e-m+fp/hard/crtbegin.o
LOAD c:/st/stm32cubeide_1.8.0/stm32cubeide/plugins/com.st.stm32cube.ide.mcu.externaltools.gnu-tools-for-stm32.9-2020-q2-update.win32_2.0.0.202105311346/tools/bin/../lib/gcc/arm-none-eabi/9.3.1/../../../../arm-none-eabi/lib/thumb/v7e-m+fp/hard/crt0.o
LOAD ./Core/Src/freertos.o
LOAD ./Core/Src/main.o
LOAD ./Core/Src/stm32f4xx_hal_msp.o
LOAD ./Core/Src/stm32f4xx_hal_timebase_tim.o
LOAD ./Core/Src/stm32f4xx_it.o
LOAD ./Core/Src/syscalls.o
LOAD ./Core/Src/sysmem.o
LOAD ./Core/Src/system_stm32f4xx.o
LOAD ./Core/Startup/startup_stm32f407vetx.o
LOAD ./Drivers/STM32F4xx_HAL_Driver/Src/stm32f4xx_hal.o
LOAD ./Drivers/STM32F4xx_HAL_Driver/Src/stm32f4xx_hal_adc.o
LOAD ./Drivers/STM32F4xx_HAL_Driver/Src/stm32f4xx_hal_adc_ex.o
LOAD ./Drivers/STM32F4xx_HAL_Driver/Src/stm32f4xx_hal_cortex.o
LOAD ./Drivers/STM32F4xx_HAL_Driver/Src/stm32f4xx_hal_dma.o
LOAD ./Drivers/STM32F4xx_HAL_Driver/Src/stm32f4xx_hal_dma_ex.o
LOAD ./Drivers/STM32F4xx_HAL_Driver/Src/stm32f4xx_hal_exti.o
LOAD ./Drivers/STM32F4xx_HAL_Driver/Src/stm32f4xx_hal_flash.o
LOAD ./Drivers/STM32F4xx_HAL_Driver/Src/stm32f4xx_hal_flash_ex.o
LOAD ./Drivers/STM32F4xx_HAL_Driver/Src/stm32f4xx_hal_flash_ramfunc.o
LOAD ./Drivers/STM32F4xx_HAL_Driver/Src/stm32f4xx_hal_gpio.o
LOAD ./Drivers/STM32F4xx_HAL_Driver/Src/stm32f4xx_hal_i2c.o
LOAD ./Drivers/STM32F4xx_HAL_Driver/Src/stm32f4xx_hal_i2c_ex.o
LOAD ./Drivers/STM32F4xx_HAL_Driver/Src/stm32f4xx_hal_iwdg.o
LOAD ./Drivers/STM32F4xx_HAL_Driver/Src/stm32f4xx_hal_pwr.o
LOAD ./Drivers/STM32F4xx_HAL_Driver/Src/stm32f4xx_hal_pwr_ex.o
LOAD ./Drivers/STM32F4xx_HAL_Driver/Src/stm32f4xx_hal_rcc.o
LOAD ./Drivers/STM32F4xx_HAL_Driver/Src/stm32f4xx_hal_rcc_ex.o
LOAD ./Drivers/STM32F4xx_HAL_Driver/Src/stm32f4xx_hal_rtc.o
LOAD ./Drivers/STM32F4xx_HAL_Driver/Src/stm32f4xx_hal_rtc_ex.o
LOAD ./Drivers/STM32F4xx_HAL_Driver/Src/stm32f4xx_hal_spi.o
LOAD ./Drivers/STM32F4xx_HAL_Driver/Src/stm32f4xx_hal_tim.o
LOAD ./Drivers/STM32F4xx_HAL_Driver/Src/stm32f4xx_hal_tim_ex.o
LOAD ./Drivers/STM32F4xx_HAL_Driver/Src/stm32f4xx_hal_uart.o
LOAD ./Drivers/STM32F4xx_HAL_Driver/Src/stm32f4xx_ll_adc.o
LOAD ./Middlewares/Third_Party/FreeRTOS/Source/CMSIS_RTOS/cmsis_os.o
LOAD ./Middlewares/Third_Party/FreeRTOS/Source/croutine.o
LOAD ./Middlewares/Third_Party/FreeRTOS/Source/event_groups.o
LOAD ./Middlewares/Third_Party/FreeRTOS/Source/list.o
LOAD ./Middlewares/Third_Party/FreeRTOS/Source/queue.o
LOAD ./Middlewares/Third_Party/FreeRTOS/Source/stream_buffer.o
LOAD ./Middlewares/Third_Party/FreeRTOS/Source/tasks.o
LOAD ./Middlewares/Third_Party/FreeRTOS/Source/timers.o
LOAD ./Middlewares/Third_Party/FreeRTOS/Source/portable/GCC/ARM_CM4F/port.o
LOAD ./Middlewares/Third_Party/FreeRTOS/Source/portable/MemMang/heap_4.o
LOAD ./User/CallRingCenteerTask.o
LOAD ./User/DisplayTask.o
LOAD ./User/EventWriteTask.o
LOAD ./User/GetCurrentTask.o
LOAD ./User/M95Task.o
LOAD ./User/MainTask.o
LOAD ./User/MeterTask.o
LOAD ./User/ModbusPacketTask.o
LOAD ./User/ModbusTask.o
LOAD ./User/ReadRegistersTask.o
LOAD ./User/ce303.o
LOAD ./User/da04_11gwa.o
LOAD ./User/fm25v02.o
LOAD ./User/gpio.o
LOAD ./User/m95.o
LOAD ./User/modbus.o
LOAD ./User/tsl2561.o
START GROUP
LOAD c:/st/stm32cubeide_1.8.0/stm32cubeide/plugins/com.st.stm32cube.ide.mcu.externaltools.gnu-tools-for-stm32.9-2020-q2-update.win32_2.0.0.202105311346/tools/bin/../lib/gcc/arm-none-eabi/9.3.1/../../../../arm-none-eabi/lib/thumb/v7e-m+fp/hard\libc_nano.a
LOAD c:/st/stm32cubeide_1.8.0/stm32cubeide/plugins/com.st.stm32cube.ide.mcu.externaltools.gnu-tools-for-stm32.9-2020-q2-update.win32_2.0.0.202105311346/tools/bin/../lib/gcc/arm-none-eabi/9.3.1/../../../../arm-none-eabi/lib/thumb/v7e-m+fp/hard\libm.a
END GROUP
START GROUP
LOAD c:/st/stm32cubeide_1.8.0/stm32cubeide/plugins/com.st.stm32cube.ide.mcu.externaltools.gnu-tools-for-stm32.9-2020-q2-update.win32_2.0.0.202105311346/tools/bin/../lib/gcc/arm-none-eabi/9.3.1/thumb/v7e-m+fp/hard\libgcc.a
LOAD c:/st/stm32cubeide_1.8.0/stm32cubeide/plugins/com.st.stm32cube.ide.mcu.externaltools.gnu-tools-for-stm32.9-2020-q2-update.win32_2.0.0.202105311346/tools/bin/../lib/gcc/arm-none-eabi/9.3.1/../../../../arm-none-eabi/lib/thumb/v7e-m+fp/hard\libc_nano.a
END GROUP
START GROUP
LOAD c:/st/stm32cubeide_1.8.0/stm32cubeide/plugins/com.st.stm32cube.ide.mcu.externaltools.gnu-tools-for-stm32.9-2020-q2-update.win32_2.0.0.202105311346/tools/bin/../lib/gcc/arm-none-eabi/9.3.1/thumb/v7e-m+fp/hard\libgcc.a
LOAD c:/st/stm32cubeide_1.8.0/stm32cubeide/plugins/com.st.stm32cube.ide.mcu.externaltools.gnu-tools-for-stm32.9-2020-q2-update.win32_2.0.0.202105311346/tools/bin/../lib/gcc/arm-none-eabi/9.3.1/../../../../arm-none-eabi/lib/thumb/v7e-m+fp/hard\libc_nano.a
LOAD c:/st/stm32cubeide_1.8.0/stm32cubeide/plugins/com.st.stm32cube.ide.mcu.externaltools.gnu-tools-for-stm32.9-2020-q2-update.win32_2.0.0.202105311346/tools/bin/../lib/gcc/arm-none-eabi/9.3.1/../../../../arm-none-eabi/lib/thumb/v7e-m+fp/hard\libnosys.a
END GROUP
START GROUP
LOAD c:/st/stm32cubeide_1.8.0/stm32cubeide/plugins/com.st.stm32cube.ide.mcu.externaltools.gnu-tools-for-stm32.9-2020-q2-update.win32_2.0.0.202105311346/tools/bin/../lib/gcc/arm-none-eabi/9.3.1/thumb/v7e-m+fp/hard\libgcc.a
LOAD c:/st/stm32cubeide_1.8.0/stm32cubeide/plugins/com.st.stm32cube.ide.mcu.externaltools.gnu-tools-for-stm32.9-2020-q2-update.win32_2.0.0.202105311346/tools/bin/../lib/gcc/arm-none-eabi/9.3.1/../../../../arm-none-eabi/lib/thumb/v7e-m+fp/hard\libc_nano.a
LOAD c:/st/stm32cubeide_1.8.0/stm32cubeide/plugins/com.st.stm32cube.ide.mcu.externaltools.gnu-tools-for-stm32.9-2020-q2-update.win32_2.0.0.202105311346/tools/bin/../lib/gcc/arm-none-eabi/9.3.1/../../../../arm-none-eabi/lib/thumb/v7e-m+fp/hard\libnosys.a
END GROUP
LOAD c:/st/stm32cubeide_1.8.0/stm32cubeide/plugins/com.st.stm32cube.ide.mcu.externaltools.gnu-tools-for-stm32.9-2020-q2-update.win32_2.0.0.202105311346/tools/bin/../lib/gcc/arm-none-eabi/9.3.1/thumb/v7e-m+fp/hard/crtend.o
LOAD c:/st/stm32cubeide_1.8.0/stm32cubeide/plugins/com.st.stm32cube.ide.mcu.externaltools.gnu-tools-for-stm32.9-2020-q2-update.win32_2.0.0.202105311346/tools/bin/../lib/gcc/arm-none-eabi/9.3.1/thumb/v7e-m+fp/hard/crtn.o
                0x0000000020020000                _estack = (ORIGIN (RAM) + LENGTH (RAM))
                0x0000000000000200                _Min_Heap_Size = 0x200
                0x0000000000000400                _Min_Stack_Size = 0x400

.isr_vector     0x0000000008010000      0x188
                0x0000000008010000                . = ALIGN (0x4)
 *(.isr_vector)
 .isr_vector    0x0000000008010000      0x188 ./Core/Startup/startup_stm32f407vetx.o
                0x0000000008010000                g_pfnVectors
                0x0000000008010188                . = ALIGN (0x4)

.text           0x0000000008010190    0x1f9ac
                0x0000000008010190                . = ALIGN (0x4)
 *(.text)
 .text          0x0000000008010190       0x40 c:/st/stm32cubeide_1.8.0/stm32cubeide/plugins/com.st.stm32cube.ide.mcu.externaltools.gnu-tools-for-stm32.9-2020-q2-update.win32_2.0.0.202105311346/tools/bin/../lib/gcc/arm-none-eabi/9.3.1/thumb/v7e-m+fp/hard/crtbegin.o
 .text          0x00000000080101d0       0x10 c:/st/stm32cubeide_1.8.0/stm32cubeide/plugins/com.st.stm32cube.ide.mcu.externaltools.gnu-tools-for-stm32.9-2020-q2-update.win32_2.0.0.202105311346/tools/bin/../lib/gcc/arm-none-eabi/9.3.1/../../../../arm-none-eabi/lib/thumb/v7e-m+fp/hard\libc_nano.a(lib_a-strlen.o)
                0x00000000080101d0                strlen
 .text          0x00000000080101e0       0xa0 c:/st/stm32cubeide_1.8.0/stm32cubeide/plugins/com.st.stm32cube.ide.mcu.externaltools.gnu-tools-for-stm32.9-2020-q2-update.win32_2.0.0.202105311346/tools/bin/../lib/gcc/arm-none-eabi/9.3.1/../../../../arm-none-eabi/lib/thumb/v7e-m+fp/hard\libc_nano.a(lib_a-memchr.o)
                0x00000000080101e0                memchr
 .text          0x0000000008010280      0x378 c:/st/stm32cubeide_1.8.0/stm32cubeide/plugins/com.st.stm32cube.ide.mcu.externaltools.gnu-tools-for-stm32.9-2020-q2-update.win32_2.0.0.202105311346/tools/bin/../lib/gcc/arm-none-eabi/9.3.1/thumb/v7e-m+fp/hard\libgcc.a(_arm_addsubdf3.o)
                0x0000000008010280                __aeabi_drsub
                0x0000000008010288                __aeabi_dsub
                0x0000000008010288                __subdf3
                0x000000000801028c                __aeabi_dadd
                0x000000000801028c                __adddf3
                0x0000000008010504                __floatunsidf
                0x0000000008010504                __aeabi_ui2d
                0x0000000008010524                __floatsidf
                0x0000000008010524                __aeabi_i2d
                0x0000000008010548                __aeabi_f2d
                0x0000000008010548                __extendsfdf2
                0x000000000801058c                __floatundidf
                0x000000000801058c                __aeabi_ul2d
                0x000000000801059c                __floatdidf
                0x000000000801059c                __aeabi_l2d
 .text          0x00000000080105f8      0x424 c:/st/stm32cubeide_1.8.0/stm32cubeide/plugins/com.st.stm32cube.ide.mcu.externaltools.gnu-tools-for-stm32.9-2020-q2-update.win32_2.0.0.202105311346/tools/bin/../lib/gcc/arm-none-eabi/9.3.1/thumb/v7e-m+fp/hard\libgcc.a(_arm_muldivdf3.o)
                0x00000000080105f8                __aeabi_dmul
                0x00000000080105f8                __muldf3
                0x000000000801084c                __divdf3
                0x000000000801084c                __aeabi_ddiv
 .text          0x0000000008010a1c      0x110 c:/st/stm32cubeide_1.8.0/stm32cubeide/plugins/com.st.stm32cube.ide.mcu.externaltools.gnu-tools-for-stm32.9-2020-q2-update.win32_2.0.0.202105311346/tools/bin/../lib/gcc/arm-none-eabi/9.3.1/thumb/v7e-m+fp/hard\libgcc.a(_arm_cmpdf2.o)
                0x0000000008010a1c                __gtdf2
                0x0000000008010a1c                __gedf2
                0x0000000008010a24                __ltdf2
                0x0000000008010a24                __ledf2
                0x0000000008010a2c                __nedf2
                0x0000000008010a2c                __eqdf2
                0x0000000008010a2c                __cmpdf2
                0x0000000008010aa8                __aeabi_cdrcmple
                0x0000000008010ab8                __aeabi_cdcmpeq
                0x0000000008010ab8                __aeabi_cdcmple
                0x0000000008010ac8                __aeabi_dcmpeq
                0x0000000008010adc                __aeabi_dcmplt
                0x0000000008010af0                __aeabi_dcmple
                0x0000000008010b04                __aeabi_dcmpge
                0x0000000008010b18                __aeabi_dcmpgt
 .text          0x0000000008010b2c       0x2c c:/st/stm32cubeide_1.8.0/stm32cubeide/plugins/com.st.stm32cube.ide.mcu.externaltools.gnu-tools-for-stm32.9-2020-q2-update.win32_2.0.0.202105311346/tools/bin/../lib/gcc/arm-none-eabi/9.3.1/thumb/v7e-m+fp/hard\libgcc.a(_arm_unorddf2.o)
                0x0000000008010b2c                __unorddf2
                0x0000000008010b2c                __aeabi_dcmpun
 .text          0x0000000008010b58       0x30 c:/st/stm32cubeide_1.8.0/stm32cubeide/plugins/com.st.stm32cube.ide.mcu.externaltools.gnu-tools-for-stm32.9-2020-q2-update.win32_2.0.0.202105311346/tools/bin/../lib/gcc/arm-none-eabi/9.3.1/thumb/v7e-m+fp/hard\libgcc.a(_aeabi_uldivmod.o)
                0x0000000008010b58                __aeabi_uldivmod
 .text          0x0000000008010b88      0x2c4 c:/st/stm32cubeide_1.8.0/stm32cubeide/plugins/com.st.stm32cube.ide.mcu.externaltools.gnu-tools-for-stm32.9-2020-q2-update.win32_2.0.0.202105311346/tools/bin/../lib/gcc/arm-none-eabi/9.3.1/thumb/v7e-m+fp/hard\libgcc.a(_udivmoddi4.o)
                0x0000000008010b88                __udivmoddi4
 .text          0x0000000008010e4c        0x4 c:/st/stm32cubeide_1.8.0/stm32cubeide/plugins/com.st.stm32cube.ide.mcu.externaltools.gnu-tools-for-stm32.9-2020-q2-update.win32_2.0.0.202105311346/tools/bin/../lib/gcc/arm-none-eabi/9.3.1/thumb/v7e-m+fp/hard\libgcc.a(_dvmd_tls.o)
                0x0000000008010e4c                __aeabi_idiv0
                0x0000000008010e4c                __aeabi_ldiv0
 *(.text*)
 .text.vApplicationGetIdleTaskMemory
                0x0000000008010e50       0x34 ./Core/Src/freertos.o
                0x0000000008010e50                vApplicationGetIdleTaskMemory
 .text.vApplicationGetTimerTaskMemory
                0x0000000008010e84       0x34 ./Core/Src/freertos.o
                0x0000000008010e84                vApplicationGetTimerTaskMemory
 .text.__NVIC_SystemReset
                0x0000000008010eb8       0x2c ./Core/Src/main.o
 .text.HAL_UART_TxCpltCallback
                0x0000000008010ee4       0x6c ./Core/Src/main.o
                0x0000000008010ee4                HAL_UART_TxCpltCallback
 .text.HAL_UART_RxCpltCallback
                0x0000000008010f50       0xc4 ./Core/Src/main.o
                0x0000000008010f50                HAL_UART_RxCpltCallback
 .text.HAL_ADC_ConvCpltCallback
                0x0000000008011014      0x134 ./Core/Src/main.o
                0x0000000008011014                HAL_ADC_ConvCpltCallback
 .text.main     0x0000000008011148      0x3f4 ./Core/Src/main.o
                0x0000000008011148                main
 .text.SystemClock_Config
                0x000000000801153c       0xdc ./Core/Src/main.o
                0x000000000801153c                SystemClock_Config
 .text.MX_ADC1_Init
                0x0000000008011618       0xdc ./Core/Src/main.o
 .text.MX_I2C1_Init
                0x00000000080116f4       0x5c ./Core/Src/main.o
 .text.MX_IWDG_Init
                0x0000000008011750       0x2c ./Core/Src/main.o
 .text.MX_RTC_Init
                0x000000000801177c       0x88 ./Core/Src/main.o
 .text.MX_SPI2_Init
                0x0000000008011804       0x6c ./Core/Src/main.o
 .text.MX_SPI3_Init
                0x0000000008011870       0x70 ./Core/Src/main.o
 .text.MX_TIM2_Init
                0x00000000080118e0       0x98 ./Core/Src/main.o
 .text.MX_TIM3_Init
                0x0000000008011978       0x9c ./Core/Src/main.o
 .text.MX_USART2_UART_Init
                0x0000000008011a14       0x54 ./Core/Src/main.o
 .text.MX_USART3_UART_Init
                0x0000000008011a68       0x54 ./Core/Src/main.o
 .text.MX_USART6_UART_Init
                0x0000000008011abc       0x54 ./Core/Src/main.o
 .text.MX_DMA_Init
                0x0000000008011b10       0x9c ./Core/Src/main.o
 .text.MX_GPIO_Init
                0x0000000008011bac      0x21c ./Core/Src/main.o
 .text.Callback_AT_Timer
                0x0000000008011dc8       0x20 ./Core/Src/main.o
                0x0000000008011dc8                Callback_AT_Timer
 .text.Callback_Ring_Center_Timer
                0x0000000008011de8       0x28 ./Core/Src/main.o
                0x0000000008011de8                Callback_Ring_Center_Timer
 .text.StartDefaultTask
                0x0000000008011e10       0x30 ./Core/Src/main.o
                0x0000000008011e10                StartDefaultTask
 .text.HAL_TIM_PeriodElapsedCallback
                0x0000000008011e40      0x62c ./Core/Src/main.o
                0x0000000008011e40                HAL_TIM_PeriodElapsedCallback
 .text.Error_Handler
                0x000000000801246c        0x8 ./Core/Src/main.o
                0x000000000801246c                Error_Handler
 .text.HAL_MspInit
                0x0000000008012474       0x58 ./Core/Src/stm32f4xx_hal_msp.o
                0x0000000008012474                HAL_MspInit
 .text.HAL_ADC_MspInit
                0x00000000080124cc       0xfc ./Core/Src/stm32f4xx_hal_msp.o
                0x00000000080124cc                HAL_ADC_MspInit
 .text.HAL_I2C_MspInit
                0x00000000080125c8       0x90 ./Core/Src/stm32f4xx_hal_msp.o
                0x00000000080125c8                HAL_I2C_MspInit
 .text.HAL_I2C_MspDeInit
                0x0000000008012658       0x48 ./Core/Src/stm32f4xx_hal_msp.o
                0x0000000008012658                HAL_I2C_MspDeInit
 .text.HAL_RTC_MspInit
                0x00000000080126a0       0x54 ./Core/Src/stm32f4xx_hal_msp.o
                0x00000000080126a0                HAL_RTC_MspInit
 .text.HAL_SPI_MspInit
                0x00000000080126f4      0x100 ./Core/Src/stm32f4xx_hal_msp.o
                0x00000000080126f4                HAL_SPI_MspInit
 .text.HAL_TIM_Base_MspInit
                0x00000000080127f4       0x88 ./Core/Src/stm32f4xx_hal_msp.o
                0x00000000080127f4                HAL_TIM_Base_MspInit
 .text.HAL_UART_MspInit
                0x000000000801287c      0x320 ./Core/Src/stm32f4xx_hal_msp.o
                0x000000000801287c                HAL_UART_MspInit
 .text.HAL_InitTick
                0x0000000008012b9c       0xb4 ./Core/Src/stm32f4xx_hal_timebase_tim.o
                0x0000000008012b9c                HAL_InitTick
 .text.NMI_Handler
                0x0000000008012c50        0x6 ./Core/Src/stm32f4xx_it.o
                0x0000000008012c50                NMI_Handler
 .text.HardFault_Handler
                0x0000000008012c56        0x6 ./Core/Src/stm32f4xx_it.o
                0x0000000008012c56                HardFault_Handler
 .text.MemManage_Handler
                0x0000000008012c5c        0x6 ./Core/Src/stm32f4xx_it.o
                0x0000000008012c5c                MemManage_Handler
 .text.BusFault_Handler
                0x0000000008012c62        0x6 ./Core/Src/stm32f4xx_it.o
                0x0000000008012c62                BusFault_Handler
 .text.UsageFault_Handler
                0x0000000008012c68        0x6 ./Core/Src/stm32f4xx_it.o
                0x0000000008012c68                UsageFault_Handler
 .text.DebugMon_Handler
                0x0000000008012c6e        0xe ./Core/Src/stm32f4xx_it.o
                0x0000000008012c6e                DebugMon_Handler
 .text.DMA1_Stream1_IRQHandler
                0x0000000008012c7c       0x14 ./Core/Src/stm32f4xx_it.o
                0x0000000008012c7c                DMA1_Stream1_IRQHandler
 .text.DMA1_Stream3_IRQHandler
                0x0000000008012c90       0x14 ./Core/Src/stm32f4xx_it.o
                0x0000000008012c90                DMA1_Stream3_IRQHandler
 .text.ADC_IRQHandler
                0x0000000008012ca4       0x14 ./Core/Src/stm32f4xx_it.o
                0x0000000008012ca4                ADC_IRQHandler
 .text.TIM1_UP_TIM10_IRQHandler
                0x0000000008012cb8       0x14 ./Core/Src/stm32f4xx_it.o
                0x0000000008012cb8                TIM1_UP_TIM10_IRQHandler
 .text.TIM2_IRQHandler
                0x0000000008012ccc       0x14 ./Core/Src/stm32f4xx_it.o
                0x0000000008012ccc                TIM2_IRQHandler
 .text.TIM3_IRQHandler
                0x0000000008012ce0       0x14 ./Core/Src/stm32f4xx_it.o
                0x0000000008012ce0                TIM3_IRQHandler
 .text.USART3_IRQHandler
                0x0000000008012cf4       0x14 ./Core/Src/stm32f4xx_it.o
                0x0000000008012cf4                USART3_IRQHandler
 .text.DMA2_Stream0_IRQHandler
                0x0000000008012d08       0x14 ./Core/Src/stm32f4xx_it.o
                0x0000000008012d08                DMA2_Stream0_IRQHandler
 .text.DMA2_Stream1_IRQHandler
                0x0000000008012d1c       0x14 ./Core/Src/stm32f4xx_it.o
                0x0000000008012d1c                DMA2_Stream1_IRQHandler
 .text.DMA2_Stream6_IRQHandler
                0x0000000008012d30       0x14 ./Core/Src/stm32f4xx_it.o
                0x0000000008012d30                DMA2_Stream6_IRQHandler
 .text.USART6_IRQHandler
                0x0000000008012d44       0x14 ./Core/Src/stm32f4xx_it.o
                0x0000000008012d44                USART6_IRQHandler
 .text._sbrk    0x0000000008012d58       0x6c ./Core/Src/sysmem.o
                0x0000000008012d58                _sbrk
 .text.SystemInit
                0x0000000008012dc4       0x2c ./Core/Src/system_stm32f4xx.o
                0x0000000008012dc4                SystemInit
 .text.Reset_Handler
                0x0000000008012df0       0x50 ./Core/Startup/startup_stm32f407vetx.o
                0x0000000008012df0                Reset_Handler
 .text.Default_Handler
                0x0000000008012e40        0x2 ./Core/Startup/startup_stm32f407vetx.o
                0x0000000008012e40                RTC_Alarm_IRQHandler
                0x0000000008012e40                HASH_RNG_IRQHandler
                0x0000000008012e40                EXTI2_IRQHandler
                0x0000000008012e40                TIM8_CC_IRQHandler
                0x0000000008012e40                TIM1_CC_IRQHandler
                0x0000000008012e40                DMA2_Stream5_IRQHandler
                0x0000000008012e40                DMA1_Stream5_IRQHandler
                0x0000000008012e40                PVD_IRQHandler
                0x0000000008012e40                SDIO_IRQHandler
                0x0000000008012e40                TAMP_STAMP_IRQHandler
                0x0000000008012e40                CAN2_RX1_IRQHandler
                0x0000000008012e40                EXTI3_IRQHandler
                0x0000000008012e40                TIM8_TRG_COM_TIM14_IRQHandler
                0x0000000008012e40                TIM8_UP_TIM13_IRQHandler
                0x0000000008012e40                I2C3_ER_IRQHandler
                0x0000000008012e40                EXTI0_IRQHandler
                0x0000000008012e40                I2C2_EV_IRQHandler
                0x0000000008012e40                DMA1_Stream2_IRQHandler
                0x0000000008012e40                CAN1_RX0_IRQHandler
                0x0000000008012e40                FPU_IRQHandler
                0x0000000008012e40                OTG_HS_WKUP_IRQHandler
                0x0000000008012e40                CAN2_SCE_IRQHandler
                0x0000000008012e40                DMA2_Stream2_IRQHandler
                0x0000000008012e40                SPI1_IRQHandler
                0x0000000008012e40                TIM6_DAC_IRQHandler
                0x0000000008012e40                TIM1_BRK_TIM9_IRQHandler
                0x0000000008012e40                DCMI_IRQHandler
                0x0000000008012e40                CAN2_RX0_IRQHandler
                0x0000000008012e40                DMA2_Stream3_IRQHandler
                0x0000000008012e40                CAN1_RX1_IRQHandler
                0x0000000008012e40                UART5_IRQHandler
                0x0000000008012e40                TIM4_IRQHandler
                0x0000000008012e40                I2C1_EV_IRQHandler
                0x0000000008012e40                DMA1_Stream6_IRQHandler
                0x0000000008012e40                UART4_IRQHandler
                0x0000000008012e40                RCC_IRQHandler
                0x0000000008012e40                TIM8_BRK_TIM12_IRQHandler
                0x0000000008012e40                Default_Handler
                0x0000000008012e40                EXTI15_10_IRQHandler
                0x0000000008012e40                DMA1_Stream7_IRQHandler
                0x0000000008012e40                TIM7_IRQHandler
                0x0000000008012e40                CAN2_TX_IRQHandler
                0x0000000008012e40                TIM5_IRQHandler
                0x0000000008012e40                DMA2_Stream7_IRQHandler
                0x0000000008012e40                I2C3_EV_IRQHandler
                0x0000000008012e40                EXTI9_5_IRQHandler
                0x0000000008012e40                RTC_WKUP_IRQHandler
                0x0000000008012e40                ETH_WKUP_IRQHandler
                0x0000000008012e40                SPI2_IRQHandler
                0x0000000008012e40                OTG_HS_EP1_IN_IRQHandler
                0x0000000008012e40                DMA1_Stream0_IRQHandler
                0x0000000008012e40                CAN1_TX_IRQHandler
                0x0000000008012e40                EXTI4_IRQHandler
                0x0000000008012e40                FSMC_IRQHandler
                0x0000000008012e40                ETH_IRQHandler
                0x0000000008012e40                OTG_HS_EP1_OUT_IRQHandler
                0x0000000008012e40                WWDG_IRQHandler
                0x0000000008012e40                OTG_FS_WKUP_IRQHandler
                0x0000000008012e40                TIM1_TRG_COM_TIM11_IRQHandler
                0x0000000008012e40                OTG_HS_IRQHandler
                0x0000000008012e40                EXTI1_IRQHandler
                0x0000000008012e40                USART2_IRQHandler
                0x0000000008012e40                I2C2_ER_IRQHandler
                0x0000000008012e40                CAN1_SCE_IRQHandler
                0x0000000008012e40                FLASH_IRQHandler
                0x0000000008012e40                DMA2_Stream4_IRQHandler
                0x0000000008012e40                USART1_IRQHandler
                0x0000000008012e40                OTG_FS_IRQHandler
                0x0000000008012e40                SPI3_IRQHandler
                0x0000000008012e40                DMA1_Stream4_IRQHandler
                0x0000000008012e40                I2C1_ER_IRQHandler
 *fill*         0x0000000008012e42        0x2 
 .text.HAL_Init
                0x0000000008012e44       0x44 ./Drivers/STM32F4xx_HAL_Driver/Src/stm32f4xx_hal.o
                0x0000000008012e44                HAL_Init
 .text.HAL_IncTick
                0x0000000008012e88       0x28 ./Drivers/STM32F4xx_HAL_Driver/Src/stm32f4xx_hal.o
                0x0000000008012e88                HAL_IncTick
 .text.HAL_GetTick
                0x0000000008012eb0       0x18 ./Drivers/STM32F4xx_HAL_Driver/Src/stm32f4xx_hal.o
                0x0000000008012eb0                HAL_GetTick
 .text.HAL_Delay
                0x0000000008012ec8       0x48 ./Drivers/STM32F4xx_HAL_Driver/Src/stm32f4xx_hal.o
                0x0000000008012ec8                HAL_Delay
 .text.HAL_ADC_Init
                0x0000000008012f10       0x86 ./Drivers/STM32F4xx_HAL_Driver/Src/stm32f4xx_hal_adc.o
                0x0000000008012f10                HAL_ADC_Init
 .text.HAL_ADC_IRQHandler
                0x0000000008012f96      0x220 ./Drivers/STM32F4xx_HAL_Driver/Src/stm32f4xx_hal_adc.o
                0x0000000008012f96                HAL_ADC_IRQHandler
 *fill*         0x00000000080131b6        0x2 
 .text.HAL_ADC_Start_DMA
                0x00000000080131b8      0x220 ./Drivers/STM32F4xx_HAL_Driver/Src/stm32f4xx_hal_adc.o
                0x00000000080131b8                HAL_ADC_Start_DMA
 .text.HAL_ADC_ConvHalfCpltCallback
                0x00000000080133d8       0x14 ./Drivers/STM32F4xx_HAL_Driver/Src/stm32f4xx_hal_adc.o
                0x00000000080133d8                HAL_ADC_ConvHalfCpltCallback
 .text.HAL_ADC_LevelOutOfWindowCallback
                0x00000000080133ec       0x14 ./Drivers/STM32F4xx_HAL_Driver/Src/stm32f4xx_hal_adc.o
                0x00000000080133ec                HAL_ADC_LevelOutOfWindowCallback
 .text.HAL_ADC_ErrorCallback
                0x0000000008013400       0x14 ./Drivers/STM32F4xx_HAL_Driver/Src/stm32f4xx_hal_adc.o
                0x0000000008013400                HAL_ADC_ErrorCallback
 .text.HAL_ADC_ConfigChannel
                0x0000000008013414      0x244 ./Drivers/STM32F4xx_HAL_Driver/Src/stm32f4xx_hal_adc.o
                0x0000000008013414                HAL_ADC_ConfigChannel
 .text.ADC_Init
                0x0000000008013658      0x1f8 ./Drivers/STM32F4xx_HAL_Driver/Src/stm32f4xx_hal_adc.o
 .text.ADC_DMAConvCplt
                0x0000000008013850       0xba ./Drivers/STM32F4xx_HAL_Driver/Src/stm32f4xx_hal_adc.o
 .text.ADC_DMAHalfConvCplt
                0x000000000801390a       0x1c ./Drivers/STM32F4xx_HAL_Driver/Src/stm32f4xx_hal_adc.o
 .text.ADC_DMAError
                0x0000000008013926       0x2e ./Drivers/STM32F4xx_HAL_Driver/Src/stm32f4xx_hal_adc.o
 .text.HAL_ADCEx_InjectedConvCpltCallback
                0x0000000008013954       0x14 ./Drivers/STM32F4xx_HAL_Driver/Src/stm32f4xx_hal_adc_ex.o
                0x0000000008013954                HAL_ADCEx_InjectedConvCpltCallback
 .text.__NVIC_SetPriorityGrouping
                0x0000000008013968       0x48 ./Drivers/STM32F4xx_HAL_Driver/Src/stm32f4xx_hal_cortex.o
 .text.__NVIC_GetPriorityGrouping
                0x00000000080139b0       0x1c ./Drivers/STM32F4xx_HAL_Driver/Src/stm32f4xx_hal_cortex.o
 .text.__NVIC_EnableIRQ
                0x00000000080139cc       0x3c ./Drivers/STM32F4xx_HAL_Driver/Src/stm32f4xx_hal_cortex.o
 .text.__NVIC_SetPriority
                0x0000000008013a08       0x54 ./Drivers/STM32F4xx_HAL_Driver/Src/stm32f4xx_hal_cortex.o
 .text.NVIC_EncodePriority
                0x0000000008013a5c       0x66 ./Drivers/STM32F4xx_HAL_Driver/Src/stm32f4xx_hal_cortex.o
 .text.HAL_NVIC_SetPriorityGrouping
                0x0000000008013ac2       0x16 ./Drivers/STM32F4xx_HAL_Driver/Src/stm32f4xx_hal_cortex.o
                0x0000000008013ac2                HAL_NVIC_SetPriorityGrouping
 .text.HAL_NVIC_SetPriority
                0x0000000008013ad8       0x38 ./Drivers/STM32F4xx_HAL_Driver/Src/stm32f4xx_hal_cortex.o
                0x0000000008013ad8                HAL_NVIC_SetPriority
 .text.HAL_NVIC_EnableIRQ
                0x0000000008013b10       0x1c ./Drivers/STM32F4xx_HAL_Driver/Src/stm32f4xx_hal_cortex.o
                0x0000000008013b10                HAL_NVIC_EnableIRQ
 .text.HAL_DMA_Init
                0x0000000008013b2c      0x15c ./Drivers/STM32F4xx_HAL_Driver/Src/stm32f4xx_hal_dma.o
                0x0000000008013b2c                HAL_DMA_Init
 .text.HAL_DMA_Start_IT
                0x0000000008013c88       0xb0 ./Drivers/STM32F4xx_HAL_Driver/Src/stm32f4xx_hal_dma.o
                0x0000000008013c88                HAL_DMA_Start_IT
 .text.HAL_DMA_Abort
                0x0000000008013d38       0xe0 ./Drivers/STM32F4xx_HAL_Driver/Src/stm32f4xx_hal_dma.o
                0x0000000008013d38                HAL_DMA_Abort
 .text.HAL_DMA_Abort_IT
                0x0000000008013e18       0x44 ./Drivers/STM32F4xx_HAL_Driver/Src/stm32f4xx_hal_dma.o
                0x0000000008013e18                HAL_DMA_Abort_IT
 .text.HAL_DMA_IRQHandler
                0x0000000008013e5c      0x314 ./Drivers/STM32F4xx_HAL_Driver/Src/stm32f4xx_hal_dma.o
                0x0000000008013e5c                HAL_DMA_IRQHandler
 .text.DMA_SetConfig
                0x0000000008014170       0x5c ./Drivers/STM32F4xx_HAL_Driver/Src/stm32f4xx_hal_dma.o
 .text.DMA_CalcBaseAndBitshift
                0x00000000080141cc       0x6c ./Drivers/STM32F4xx_HAL_Driver/Src/stm32f4xx_hal_dma.o
 .text.DMA_CheckFifoParam
                0x0000000008014238       0xf8 ./Drivers/STM32F4xx_HAL_Driver/Src/stm32f4xx_hal_dma.o
 .text.HAL_GPIO_Init
                0x0000000008014330      0x338 ./Drivers/STM32F4xx_HAL_Driver/Src/stm32f4xx_hal_gpio.o
                0x0000000008014330                HAL_GPIO_Init
 .text.HAL_GPIO_DeInit
                0x0000000008014668      0x1f8 ./Drivers/STM32F4xx_HAL_Driver/Src/stm32f4xx_hal_gpio.o
                0x0000000008014668                HAL_GPIO_DeInit
 .text.HAL_GPIO_ReadPin
                0x0000000008014860       0x30 ./Drivers/STM32F4xx_HAL_Driver/Src/stm32f4xx_hal_gpio.o
                0x0000000008014860                HAL_GPIO_ReadPin
 .text.HAL_GPIO_WritePin
                0x0000000008014890       0x32 ./Drivers/STM32F4xx_HAL_Driver/Src/stm32f4xx_hal_gpio.o
                0x0000000008014890                HAL_GPIO_WritePin
 .text.HAL_GPIO_TogglePin
                0x00000000080148c2       0x34 ./Drivers/STM32F4xx_HAL_Driver/Src/stm32f4xx_hal_gpio.o
                0x00000000080148c2                HAL_GPIO_TogglePin
 *fill*         0x00000000080148f6        0x2 
 .text.HAL_I2C_Init
                0x00000000080148f8      0x288 ./Drivers/STM32F4xx_HAL_Driver/Src/stm32f4xx_hal_i2c.o
                0x00000000080148f8                HAL_I2C_Init
 .text.HAL_I2C_DeInit
                0x0000000008014b80       0x5e ./Drivers/STM32F4xx_HAL_Driver/Src/stm32f4xx_hal_i2c.o
                0x0000000008014b80                HAL_I2C_DeInit
 *fill*         0x0000000008014bde        0x2 
 .text.HAL_I2C_Master_Transmit
                0x0000000008014be0      0x1fc ./Drivers/STM32F4xx_HAL_Driver/Src/stm32f4xx_hal_i2c.o
                0x0000000008014be0                HAL_I2C_Master_Transmit
 .text.HAL_I2C_Master_Receive
                0x0000000008014ddc      0x44c ./Drivers/STM32F4xx_HAL_Driver/Src/stm32f4xx_hal_i2c.o
                0x0000000008014ddc                HAL_I2C_Master_Receive
 .text.I2C_MasterRequestWrite
                0x0000000008015228      0x104 ./Drivers/STM32F4xx_HAL_Driver/Src/stm32f4xx_hal_i2c.o
 .text.I2C_MasterRequestRead
                0x000000000801532c      0x19c ./Drivers/STM32F4xx_HAL_Driver/Src/stm32f4xx_hal_i2c.o
 .text.I2C_WaitOnFlagUntilTimeout
                0x00000000080154c8       0xae ./Drivers/STM32F4xx_HAL_Driver/Src/stm32f4xx_hal_i2c.o
 .text.I2C_WaitOnMasterAddressFlagUntilTimeout
                0x0000000008015576       0xfe ./Drivers/STM32F4xx_HAL_Driver/Src/stm32f4xx_hal_i2c.o
 .text.I2C_WaitOnTXEFlagUntilTimeout
                0x0000000008015674       0x82 ./Drivers/STM32F4xx_HAL_Driver/Src/stm32f4xx_hal_i2c.o
 .text.I2C_WaitOnBTFFlagUntilTimeout
                0x00000000080156f6       0x82 ./Drivers/STM32F4xx_HAL_Driver/Src/stm32f4xx_hal_i2c.o
 .text.I2C_WaitOnRXNEFlagUntilTimeout
                0x0000000008015778       0xac ./Drivers/STM32F4xx_HAL_Driver/Src/stm32f4xx_hal_i2c.o
 .text.I2C_IsAcknowledgeFailed
                0x0000000008015824       0x5e ./Drivers/STM32F4xx_HAL_Driver/Src/stm32f4xx_hal_i2c.o
 *fill*         0x0000000008015882        0x2 
 .text.HAL_RCC_OscConfig
                0x0000000008015884      0x4f0 ./Drivers/STM32F4xx_HAL_Driver/Src/stm32f4xx_hal_rcc.o
                0x0000000008015884                HAL_RCC_OscConfig
 .text.HAL_RCC_ClockConfig
                0x0000000008015d74      0x1cc ./Drivers/STM32F4xx_HAL_Driver/Src/stm32f4xx_hal_rcc.o
                0x0000000008015d74                HAL_RCC_ClockConfig
 .text.HAL_RCC_GetSysClockFreq
                0x0000000008015f40      0x16c ./Drivers/STM32F4xx_HAL_Driver/Src/stm32f4xx_hal_rcc.o
                0x0000000008015f40                HAL_RCC_GetSysClockFreq
 .text.HAL_RCC_GetHCLKFreq
                0x00000000080160ac       0x18 ./Drivers/STM32F4xx_HAL_Driver/Src/stm32f4xx_hal_rcc.o
                0x00000000080160ac                HAL_RCC_GetHCLKFreq
 .text.HAL_RCC_GetPCLK1Freq
                0x00000000080160c4       0x28 ./Drivers/STM32F4xx_HAL_Driver/Src/stm32f4xx_hal_rcc.o
                0x00000000080160c4                HAL_RCC_GetPCLK1Freq
 .text.HAL_RCC_GetPCLK2Freq
                0x00000000080160ec       0x28 ./Drivers/STM32F4xx_HAL_Driver/Src/stm32f4xx_hal_rcc.o
                0x00000000080160ec                HAL_RCC_GetPCLK2Freq
 .text.HAL_RCC_GetClockConfig
                0x0000000008016114       0x64 ./Drivers/STM32F4xx_HAL_Driver/Src/stm32f4xx_hal_rcc.o
                0x0000000008016114                HAL_RCC_GetClockConfig
 .text.HAL_RCCEx_PeriphCLKConfig
                0x0000000008016178      0x1c4 ./Drivers/STM32F4xx_HAL_Driver/Src/stm32f4xx_hal_rcc_ex.o
                0x0000000008016178                HAL_RCCEx_PeriphCLKConfig
 .text.HAL_RTC_Init
                0x000000000801633c       0xec ./Drivers/STM32F4xx_HAL_Driver/Src/stm32f4xx_hal_rtc.o
                0x000000000801633c                HAL_RTC_Init
 .text.HAL_RTC_SetTime
                0x0000000008016428      0x134 ./Drivers/STM32F4xx_HAL_Driver/Src/stm32f4xx_hal_rtc.o
                0x0000000008016428                HAL_RTC_SetTime
 .text.HAL_RTC_GetTime
                0x000000000801655c       0xbc ./Drivers/STM32F4xx_HAL_Driver/Src/stm32f4xx_hal_rtc.o
                0x000000000801655c                HAL_RTC_GetTime
 .text.HAL_RTC_SetDate
                0x0000000008016618      0x108 ./Drivers/STM32F4xx_HAL_Driver/Src/stm32f4xx_hal_rtc.o
                0x0000000008016618                HAL_RTC_SetDate
 .text.HAL_RTC_GetDate
                0x0000000008016720       0x9e ./Drivers/STM32F4xx_HAL_Driver/Src/stm32f4xx_hal_rtc.o
                0x0000000008016720                HAL_RTC_GetDate
 .text.HAL_RTC_WaitForSynchro
                0x00000000080167be       0x50 ./Drivers/STM32F4xx_HAL_Driver/Src/stm32f4xx_hal_rtc.o
                0x00000000080167be                HAL_RTC_WaitForSynchro
 .text.RTC_EnterInitMode
                0x000000000801680e       0x6e ./Drivers/STM32F4xx_HAL_Driver/Src/stm32f4xx_hal_rtc.o
                0x000000000801680e                RTC_EnterInitMode
 .text.RTC_ExitInitMode
                0x000000000801687c       0x4a ./Drivers/STM32F4xx_HAL_Driver/Src/stm32f4xx_hal_rtc.o
                0x000000000801687c                RTC_ExitInitMode
 .text.RTC_ByteToBcd2
                0x00000000080168c6       0x3a ./Drivers/STM32F4xx_HAL_Driver/Src/stm32f4xx_hal_rtc.o
                0x00000000080168c6                RTC_ByteToBcd2
 .text.RTC_Bcd2ToByte
                0x0000000008016900       0x38 ./Drivers/STM32F4xx_HAL_Driver/Src/stm32f4xx_hal_rtc.o
                0x0000000008016900                RTC_Bcd2ToByte
 .text.HAL_SPI_Init
                0x0000000008016938      0x112 ./Drivers/STM32F4xx_HAL_Driver/Src/stm32f4xx_hal_spi.o
                0x0000000008016938                HAL_SPI_Init
 .text.HAL_SPI_Transmit
                0x0000000008016a4a      0x278 ./Drivers/STM32F4xx_HAL_Driver/Src/stm32f4xx_hal_spi.o
                0x0000000008016a4a                HAL_SPI_Transmit
 .text.HAL_SPI_Receive
                0x0000000008016cc2      0x222 ./Drivers/STM32F4xx_HAL_Driver/Src/stm32f4xx_hal_spi.o
                0x0000000008016cc2                HAL_SPI_Receive
 .text.HAL_SPI_TransmitReceive
                0x0000000008016ee4      0x344 ./Drivers/STM32F4xx_HAL_Driver/Src/stm32f4xx_hal_spi.o
                0x0000000008016ee4                HAL_SPI_TransmitReceive
 .text.SPI_WaitFlagStateUntilTimeout
                0x0000000008017228      0x110 ./Drivers/STM32F4xx_HAL_Driver/Src/stm32f4xx_hal_spi.o
 .text.SPI_EndRxTransaction
                0x0000000008017338       0xca ./Drivers/STM32F4xx_HAL_Driver/Src/stm32f4xx_hal_spi.o
 *fill*         0x0000000008017402        0x2 
 .text.SPI_EndRxTxTransaction
                0x0000000008017404       0x84 ./Drivers/STM32F4xx_HAL_Driver/Src/stm32f4xx_hal_spi.o
 .text.HAL_TIM_Base_Init
                0x0000000008017488       0x9e ./Drivers/STM32F4xx_HAL_Driver/Src/stm32f4xx_hal_tim.o
                0x0000000008017488                HAL_TIM_Base_Init
 *fill*         0x0000000008017526        0x2 
 .text.HAL_TIM_Base_Start_IT
                0x0000000008017528       0xe0 ./Drivers/STM32F4xx_HAL_Driver/Src/stm32f4xx_hal_tim.o
                0x0000000008017528                HAL_TIM_Base_Start_IT
 .text.HAL_TIM_IRQHandler
                0x0000000008017608      0x210 ./Drivers/STM32F4xx_HAL_Driver/Src/stm32f4xx_hal_tim.o
                0x0000000008017608                HAL_TIM_IRQHandler
 .text.HAL_TIM_ConfigClockSource
                0x0000000008017818      0x18e ./Drivers/STM32F4xx_HAL_Driver/Src/stm32f4xx_hal_tim.o
                0x0000000008017818                HAL_TIM_ConfigClockSource
 .text.HAL_TIM_OC_DelayElapsedCallback
                0x00000000080179a6       0x14 ./Drivers/STM32F4xx_HAL_Driver/Src/stm32f4xx_hal_tim.o
                0x00000000080179a6                HAL_TIM_OC_DelayElapsedCallback
 .text.HAL_TIM_IC_CaptureCallback
                0x00000000080179ba       0x14 ./Drivers/STM32F4xx_HAL_Driver/Src/stm32f4xx_hal_tim.o
                0x00000000080179ba                HAL_TIM_IC_CaptureCallback
 .text.HAL_TIM_PWM_PulseFinishedCallback
                0x00000000080179ce       0x14 ./Drivers/STM32F4xx_HAL_Driver/Src/stm32f4xx_hal_tim.o
                0x00000000080179ce                HAL_TIM_PWM_PulseFinishedCallback
 .text.HAL_TIM_TriggerCallback
                0x00000000080179e2       0x14 ./Drivers/STM32F4xx_HAL_Driver/Src/stm32f4xx_hal_tim.o
                0x00000000080179e2                HAL_TIM_TriggerCallback
 *fill*         0x00000000080179f6        0x2 
 .text.TIM_Base_SetConfig
                0x00000000080179f8      0x140 ./Drivers/STM32F4xx_HAL_Driver/Src/stm32f4xx_hal_tim.o
                0x00000000080179f8                TIM_Base_SetConfig
 .text.TIM_TI1_ConfigInputStage
                0x0000000008017b38       0x5e ./Drivers/STM32F4xx_HAL_Driver/Src/stm32f4xx_hal_tim.o
 .text.TIM_TI2_ConfigInputStage
                0x0000000008017b96       0x60 ./Drivers/STM32F4xx_HAL_Driver/Src/stm32f4xx_hal_tim.o
 .text.TIM_ITRx_SetConfig
                0x0000000008017bf6       0x36 ./Drivers/STM32F4xx_HAL_Driver/Src/stm32f4xx_hal_tim.o
 .text.TIM_ETR_SetConfig
                0x0000000008017c2c       0x40 ./Drivers/STM32F4xx_HAL_Driver/Src/stm32f4xx_hal_tim.o
                0x0000000008017c2c                TIM_ETR_SetConfig
 .text.HAL_TIMEx_MasterConfigSynchronization
                0x0000000008017c6c       0xf8 ./Drivers/STM32F4xx_HAL_Driver/Src/stm32f4xx_hal_tim_ex.o
                0x0000000008017c6c                HAL_TIMEx_MasterConfigSynchronization
 .text.HAL_TIMEx_CommutCallback
                0x0000000008017d64       0x14 ./Drivers/STM32F4xx_HAL_Driver/Src/stm32f4xx_hal_tim_ex.o
                0x0000000008017d64                HAL_TIMEx_CommutCallback
 .text.HAL_TIMEx_BreakCallback
                0x0000000008017d78       0x14 ./Drivers/STM32F4xx_HAL_Driver/Src/stm32f4xx_hal_tim_ex.o
                0x0000000008017d78                HAL_TIMEx_BreakCallback
 .text.HAL_UART_Init
                0x0000000008017d8c       0x9a ./Drivers/STM32F4xx_HAL_Driver/Src/stm32f4xx_hal_uart.o
                0x0000000008017d8c                HAL_UART_Init
 *fill*         0x0000000008017e26        0x2 
 .text.HAL_UART_Transmit_DMA
                0x0000000008017e28       0xfc ./Drivers/STM32F4xx_HAL_Driver/Src/stm32f4xx_hal_uart.o
                0x0000000008017e28                HAL_UART_Transmit_DMA
 .text.HAL_UART_Receive_DMA
                0x0000000008017f24       0x60 ./Drivers/STM32F4xx_HAL_Driver/Src/stm32f4xx_hal_uart.o
                0x0000000008017f24                HAL_UART_Receive_DMA
 .text.HAL_UART_IRQHandler
                0x0000000008017f84      0x51c ./Drivers/STM32F4xx_HAL_Driver/Src/stm32f4xx_hal_uart.o
                0x0000000008017f84                HAL_UART_IRQHandler
 .text.HAL_UART_TxHalfCpltCallback
                0x00000000080184a0       0x14 ./Drivers/STM32F4xx_HAL_Driver/Src/stm32f4xx_hal_uart.o
                0x00000000080184a0                HAL_UART_TxHalfCpltCallback
 .text.HAL_UART_RxHalfCpltCallback
                0x00000000080184b4       0x14 ./Drivers/STM32F4xx_HAL_Driver/Src/stm32f4xx_hal_uart.o
                0x00000000080184b4                HAL_UART_RxHalfCpltCallback
 .text.HAL_UART_ErrorCallback
                0x00000000080184c8       0x14 ./Drivers/STM32F4xx_HAL_Driver/Src/stm32f4xx_hal_uart.o
                0x00000000080184c8                HAL_UART_ErrorCallback
 .text.HAL_UARTEx_RxEventCallback
                0x00000000080184dc       0x18 ./Drivers/STM32F4xx_HAL_Driver/Src/stm32f4xx_hal_uart.o
                0x00000000080184dc                HAL_UARTEx_RxEventCallback
 .text.UART_DMATransmitCplt
                0x00000000080184f4       0x9a ./Drivers/STM32F4xx_HAL_Driver/Src/stm32f4xx_hal_uart.o
 .text.UART_DMATxHalfCplt
                0x000000000801858e       0x1c ./Drivers/STM32F4xx_HAL_Driver/Src/stm32f4xx_hal_uart.o
 .text.UART_DMAReceiveCplt
                0x00000000080185aa      0x126 ./Drivers/STM32F4xx_HAL_Driver/Src/stm32f4xx_hal_uart.o
 .text.UART_DMARxHalfCplt
                0x00000000080186d0       0x36 ./Drivers/STM32F4xx_HAL_Driver/Src/stm32f4xx_hal_uart.o
 .text.UART_DMAError
                0x0000000008018706       0x94 ./Drivers/STM32F4xx_HAL_Driver/Src/stm32f4xx_hal_uart.o
 *fill*         0x000000000801879a        0x2 
 .text.UART_Start_Receive_DMA
                0x000000000801879c      0x13c ./Drivers/STM32F4xx_HAL_Driver/Src/stm32f4xx_hal_uart.o
                0x000000000801879c                UART_Start_Receive_DMA
 .text.UART_EndTxTransfer
                0x00000000080188d8       0x50 ./Drivers/STM32F4xx_HAL_Driver/Src/stm32f4xx_hal_uart.o
 .text.UART_EndRxTransfer
                0x0000000008018928       0xc6 ./Drivers/STM32F4xx_HAL_Driver/Src/stm32f4xx_hal_uart.o
 .text.UART_DMAAbortOnError
                0x00000000080189ee       0x28 ./Drivers/STM32F4xx_HAL_Driver/Src/stm32f4xx_hal_uart.o
 .text.UART_Transmit_IT
                0x0000000008018a16       0xa0 ./Drivers/STM32F4xx_HAL_Driver/Src/stm32f4xx_hal_uart.o
 .text.UART_EndTransmit_IT
                0x0000000008018ab6       0x30 ./Drivers/STM32F4xx_HAL_Driver/Src/stm32f4xx_hal_uart.o
 .text.UART_Receive_IT
                0x0000000008018ae6      0x176 ./Drivers/STM32F4xx_HAL_Driver/Src/stm32f4xx_hal_uart.o
 .text.UART_SetConfig
                0x0000000008018c5c      0x390 ./Drivers/STM32F4xx_HAL_Driver/Src/stm32f4xx_hal_uart.o
 .text.makeFreeRtosPriority
                0x0000000008018fec       0x30 ./Middlewares/Third_Party/FreeRTOS/Source/CMSIS_RTOS/cmsis_os.o
 .text.inHandlerMode
                0x000000000801901c       0x24 ./Middlewares/Third_Party/FreeRTOS/Source/CMSIS_RTOS/cmsis_os.o
 .text.osKernelStart
                0x0000000008019040        0xe ./Middlewares/Third_Party/FreeRTOS/Source/CMSIS_RTOS/cmsis_os.o
                0x0000000008019040                osKernelStart
 .text.osThreadCreate
                0x000000000801904e       0x98 ./Middlewares/Third_Party/FreeRTOS/Source/CMSIS_RTOS/cmsis_os.o
                0x000000000801904e                osThreadCreate
 .text.osDelay  0x00000000080190e6       0x28 ./Middlewares/Third_Party/FreeRTOS/Source/CMSIS_RTOS/cmsis_os.o
                0x00000000080190e6                osDelay
 *fill*         0x000000000801910e        0x2 
 .text.osTimerCreate
                0x0000000008019110       0x68 ./Middlewares/Third_Party/FreeRTOS/Source/CMSIS_RTOS/cmsis_os.o
                0x0000000008019110                osTimerCreate
 .text.osTimerStart
                0x0000000008019178       0x88 ./Middlewares/Third_Party/FreeRTOS/Source/CMSIS_RTOS/cmsis_os.o
                0x0000000008019178                osTimerStart
 .text.osTimerStop
                0x0000000008019200       0x78 ./Middlewares/Third_Party/FreeRTOS/Source/CMSIS_RTOS/cmsis_os.o
                0x0000000008019200                osTimerStop
 .text.osMutexCreate
                0x0000000008019278       0x30 ./Middlewares/Third_Party/FreeRTOS/Source/CMSIS_RTOS/cmsis_os.o
                0x0000000008019278                osMutexCreate
 .text.osMutexWait
                0x00000000080192a8       0x9c ./Middlewares/Third_Party/FreeRTOS/Source/CMSIS_RTOS/cmsis_os.o
                0x00000000080192a8                osMutexWait
 .text.osMutexRelease
                0x0000000008019344       0x6c ./Middlewares/Third_Party/FreeRTOS/Source/CMSIS_RTOS/cmsis_os.o
                0x0000000008019344                osMutexRelease
 .text.osSemaphoreCreate
                0x00000000080193b0       0x64 ./Middlewares/Third_Party/FreeRTOS/Source/CMSIS_RTOS/cmsis_os.o
                0x00000000080193b0                osSemaphoreCreate
 .text.osSemaphoreWait
                0x0000000008019414       0x9c ./Middlewares/Third_Party/FreeRTOS/Source/CMSIS_RTOS/cmsis_os.o
                0x0000000008019414                osSemaphoreWait
 .text.osSemaphoreRelease
                0x00000000080194b0       0x6c ./Middlewares/Third_Party/FreeRTOS/Source/CMSIS_RTOS/cmsis_os.o
                0x00000000080194b0                osSemaphoreRelease
 .text.osMessageCreate
                0x000000000801951c       0x50 ./Middlewares/Third_Party/FreeRTOS/Source/CMSIS_RTOS/cmsis_os.o
                0x000000000801951c                osMessageCreate
 .text.osMessagePut
                0x000000000801956c       0x80 ./Middlewares/Third_Party/FreeRTOS/Source/CMSIS_RTOS/cmsis_os.o
                0x000000000801956c                osMessagePut
 .text.osMessageGet
                0x00000000080195ec       0xe8 ./Middlewares/Third_Party/FreeRTOS/Source/CMSIS_RTOS/cmsis_os.o
                0x00000000080195ec                osMessageGet
 .text.osThreadSuspend
                0x00000000080196d4       0x18 ./Middlewares/Third_Party/FreeRTOS/Source/CMSIS_RTOS/cmsis_os.o
                0x00000000080196d4                osThreadSuspend
 .text.osThreadResume
                0x00000000080196ec       0x44 ./Middlewares/Third_Party/FreeRTOS/Source/CMSIS_RTOS/cmsis_os.o
                0x00000000080196ec                osThreadResume
 .text.vListInitialise
                0x0000000008019730       0x40 ./Middlewares/Third_Party/FreeRTOS/Source/list.o
                0x0000000008019730                vListInitialise
 .text.vListInitialiseItem
                0x0000000008019770       0x1a ./Middlewares/Third_Party/FreeRTOS/Source/list.o
                0x0000000008019770                vListInitialiseItem
 .text.vListInsertEnd
                0x000000000801978a       0x48 ./Middlewares/Third_Party/FreeRTOS/Source/list.o
                0x000000000801978a                vListInsertEnd
 .text.vListInsert
                0x00000000080197d2       0x72 ./Middlewares/Third_Party/FreeRTOS/Source/list.o
                0x00000000080197d2                vListInsert
 .text.uxListRemove
                0x0000000008019844       0x54 ./Middlewares/Third_Party/FreeRTOS/Source/list.o
                0x0000000008019844                uxListRemove
 .text.xQueueGenericReset
                0x0000000008019898       0xd0 ./Middlewares/Third_Party/FreeRTOS/Source/queue.o
                0x0000000008019898                xQueueGenericReset
 .text.xQueueGenericCreateStatic
                0x0000000008019968       0xf0 ./Middlewares/Third_Party/FreeRTOS/Source/queue.o
                0x0000000008019968                xQueueGenericCreateStatic
 .text.xQueueGenericCreate
                0x0000000008019a58       0x74 ./Middlewares/Third_Party/FreeRTOS/Source/queue.o
                0x0000000008019a58                xQueueGenericCreate
 .text.prvInitialiseNewQueue
                0x0000000008019acc       0x3e ./Middlewares/Third_Party/FreeRTOS/Source/queue.o
 .text.prvInitialiseMutex
                0x0000000008019b0a       0x34 ./Middlewares/Third_Party/FreeRTOS/Source/queue.o
 .text.xQueueCreateMutex
                0x0000000008019b3e       0x30 ./Middlewares/Third_Party/FreeRTOS/Source/queue.o
                0x0000000008019b3e                xQueueCreateMutex
 .text.xQueueCreateMutexStatic
                0x0000000008019b6e       0x36 ./Middlewares/Third_Party/FreeRTOS/Source/queue.o
                0x0000000008019b6e                xQueueCreateMutexStatic
 .text.xQueueGenericSend
                0x0000000008019ba4      0x1fc ./Middlewares/Third_Party/FreeRTOS/Source/queue.o
                0x0000000008019ba4                xQueueGenericSend
 .text.xQueueGenericSendFromISR
                0x0000000008019da0      0x136 ./Middlewares/Third_Party/FreeRTOS/Source/queue.o
                0x0000000008019da0                xQueueGenericSendFromISR
 .text.xQueueGiveFromISR
                0x0000000008019ed6      0x11a ./Middlewares/Third_Party/FreeRTOS/Source/queue.o
                0x0000000008019ed6                xQueueGiveFromISR
 .text.xQueueReceive
                0x0000000008019ff0      0x1c0 ./Middlewares/Third_Party/FreeRTOS/Source/queue.o
                0x0000000008019ff0                xQueueReceive
 .text.xQueueSemaphoreTake
                0x000000000801a1b0      0x218 ./Middlewares/Third_Party/FreeRTOS/Source/queue.o
                0x000000000801a1b0                xQueueSemaphoreTake
 .text.xQueueReceiveFromISR
                0x000000000801a3c8      0x100 ./Middlewares/Third_Party/FreeRTOS/Source/queue.o
                0x000000000801a3c8                xQueueReceiveFromISR
 .text.prvGetDisinheritPriorityAfterTimeout
                0x000000000801a4c8       0x30 ./Middlewares/Third_Party/FreeRTOS/Source/queue.o
 .text.prvCopyDataToQueue
                0x000000000801a4f8       0xd4 ./Middlewares/Third_Party/FreeRTOS/Source/queue.o
 .text.prvCopyDataFromQueue
                0x000000000801a5cc       0x4c ./Middlewares/Third_Party/FreeRTOS/Source/queue.o
 .text.prvUnlockQueue
                0x000000000801a618       0xa4 ./Middlewares/Third_Party/FreeRTOS/Source/queue.o
 .text.prvIsQueueEmpty
                0x000000000801a6bc       0x2c ./Middlewares/Third_Party/FreeRTOS/Source/queue.o
 .text.prvIsQueueFull
                0x000000000801a6e8       0x30 ./Middlewares/Third_Party/FreeRTOS/Source/queue.o
 .text.vQueueAddToRegistry
                0x000000000801a718       0x54 ./Middlewares/Third_Party/FreeRTOS/Source/queue.o
                0x000000000801a718                vQueueAddToRegistry
 .text.vQueueWaitForMessageRestricted
                0x000000000801a76c       0x68 ./Middlewares/Third_Party/FreeRTOS/Source/queue.o
                0x000000000801a76c                vQueueWaitForMessageRestricted
 .text.xTaskCreateStatic
                0x000000000801a7d4       0xba ./Middlewares/Third_Party/FreeRTOS/Source/tasks.o
                0x000000000801a7d4                xTaskCreateStatic
 .text.xTaskCreate
                0x000000000801a88e       0x8a ./Middlewares/Third_Party/FreeRTOS/Source/tasks.o
                0x000000000801a88e                xTaskCreate
 .text.prvInitialiseNewTask
                0x000000000801a918      0x13c ./Middlewares/Third_Party/FreeRTOS/Source/tasks.o
 .text.prvAddNewTaskToReadyList
                0x000000000801aa54       0xd4 ./Middlewares/Third_Party/FreeRTOS/Source/tasks.o
 .text.vTaskDelay
                0x000000000801ab28       0x68 ./Middlewares/Third_Party/FreeRTOS/Source/tasks.o
                0x000000000801ab28                vTaskDelay
 .text.vTaskSuspend
                0x000000000801ab90      0x124 ./Middlewares/Third_Party/FreeRTOS/Source/tasks.o
                0x000000000801ab90                vTaskSuspend
 .text.prvTaskIsTaskSuspended
                0x000000000801acb4       0x64 ./Middlewares/Third_Party/FreeRTOS/Source/tasks.o
 .text.vTaskResume
                0x000000000801ad18       0xbc ./Middlewares/Third_Party/FreeRTOS/Source/tasks.o
                0x000000000801ad18                vTaskResume
 .text.xTaskResumeFromISR
                0x000000000801add4       0xe4 ./Middlewares/Third_Party/FreeRTOS/Source/tasks.o
                0x000000000801add4                xTaskResumeFromISR
 .text.vTaskStartScheduler
                0x000000000801aeb8       0xe0 ./Middlewares/Third_Party/FreeRTOS/Source/tasks.o
                0x000000000801aeb8                vTaskStartScheduler
 .text.vTaskSuspendAll
                0x000000000801af98       0x1c ./Middlewares/Third_Party/FreeRTOS/Source/tasks.o
                0x000000000801af98                vTaskSuspendAll
 .text.xTaskResumeAll
                0x000000000801afb4      0x138 ./Middlewares/Third_Party/FreeRTOS/Source/tasks.o
                0x000000000801afb4                xTaskResumeAll
 .text.xTaskGetTickCount
                0x000000000801b0ec       0x20 ./Middlewares/Third_Party/FreeRTOS/Source/tasks.o
                0x000000000801b0ec                xTaskGetTickCount
 .text.xTaskIncrementTick
                0x000000000801b10c      0x170 ./Middlewares/Third_Party/FreeRTOS/Source/tasks.o
                0x000000000801b10c                xTaskIncrementTick
 .text.vTaskSwitchContext
                0x000000000801b27c       0xc4 ./Middlewares/Third_Party/FreeRTOS/Source/tasks.o
                0x000000000801b27c                vTaskSwitchContext
 .text.vTaskPlaceOnEventList
                0x000000000801b340       0x48 ./Middlewares/Third_Party/FreeRTOS/Source/tasks.o
                0x000000000801b340                vTaskPlaceOnEventList
 .text.vTaskPlaceOnEventListRestricted
                0x000000000801b388       0x58 ./Middlewares/Third_Party/FreeRTOS/Source/tasks.o
                0x000000000801b388                vTaskPlaceOnEventListRestricted
 .text.xTaskRemoveFromEventList
                0x000000000801b3e0       0xc4 ./Middlewares/Third_Party/FreeRTOS/Source/tasks.o
                0x000000000801b3e0                xTaskRemoveFromEventList
 .text.vTaskInternalSetTimeOutState
                0x000000000801b4a4       0x2c ./Middlewares/Third_Party/FreeRTOS/Source/tasks.o
                0x000000000801b4a4                vTaskInternalSetTimeOutState
 .text.xTaskCheckForTimeOut
                0x000000000801b4d0       0xc4 ./Middlewares/Third_Party/FreeRTOS/Source/tasks.o
                0x000000000801b4d0                xTaskCheckForTimeOut
 .text.vTaskMissedYield
                0x000000000801b594       0x18 ./Middlewares/Third_Party/FreeRTOS/Source/tasks.o
                0x000000000801b594                vTaskMissedYield
 .text.prvIdleTask
                0x000000000801b5ac       0x30 ./Middlewares/Third_Party/FreeRTOS/Source/tasks.o
 .text.prvInitialiseTaskLists
                0x000000000801b5dc       0x80 ./Middlewares/Third_Party/FreeRTOS/Source/tasks.o
 .text.prvCheckTasksWaitingTermination
                0x000000000801b65c       0x5c ./Middlewares/Third_Party/FreeRTOS/Source/tasks.o
 .text.prvDeleteTCB
                0x000000000801b6b8       0x68 ./Middlewares/Third_Party/FreeRTOS/Source/tasks.o
 .text.prvResetNextTaskUnblockTime
                0x000000000801b720       0x40 ./Middlewares/Third_Party/FreeRTOS/Source/tasks.o
 .text.xTaskGetSchedulerState
                0x000000000801b760       0x3c ./Middlewares/Third_Party/FreeRTOS/Source/tasks.o
                0x000000000801b760                xTaskGetSchedulerState
 .text.xTaskPriorityInherit
                0x000000000801b79c       0xec ./Middlewares/Third_Party/FreeRTOS/Source/tasks.o
                0x000000000801b79c                xTaskPriorityInherit
 .text.xTaskPriorityDisinherit
                0x000000000801b888      0x10c ./Middlewares/Third_Party/FreeRTOS/Source/tasks.o
                0x000000000801b888                xTaskPriorityDisinherit
 .text.vTaskPriorityDisinheritAfterTimeout
                0x000000000801b994      0x11c ./Middlewares/Third_Party/FreeRTOS/Source/tasks.o
                0x000000000801b994                vTaskPriorityDisinheritAfterTimeout
 .text.pvTaskIncrementMutexHeldCount
                0x000000000801bab0       0x28 ./Middlewares/Third_Party/FreeRTOS/Source/tasks.o
                0x000000000801bab0                pvTaskIncrementMutexHeldCount
 .text.prvAddCurrentTaskToDelayedList
                0x000000000801bad8       0xcc ./Middlewares/Third_Party/FreeRTOS/Source/tasks.o
 .text.xTimerCreateTimerTask
                0x000000000801bba4       0x90 ./Middlewares/Third_Party/FreeRTOS/Source/timers.o
                0x000000000801bba4                xTimerCreateTimerTask
 .text.xTimerCreate
                0x000000000801bc34       0x42 ./Middlewares/Third_Party/FreeRTOS/Source/timers.o
                0x000000000801bc34                xTimerCreate
 .text.xTimerCreateStatic
                0x000000000801bc76       0x7c ./Middlewares/Third_Party/FreeRTOS/Source/timers.o
                0x000000000801bc76                xTimerCreateStatic
 .text.prvInitialiseNewTimer
                0x000000000801bcf2       0x76 ./Middlewares/Third_Party/FreeRTOS/Source/timers.o
 .text.xTimerGenericCommand
                0x000000000801bd68       0x9c ./Middlewares/Third_Party/FreeRTOS/Source/timers.o
                0x000000000801bd68                xTimerGenericCommand
 .text.prvProcessExpiredTimer
                0x000000000801be04       0x98 ./Middlewares/Third_Party/FreeRTOS/Source/timers.o
 .text.prvTimerTask
                0x000000000801be9c       0x24 ./Middlewares/Third_Party/FreeRTOS/Source/timers.o
 .text.prvProcessTimerOrBlockTask
                0x000000000801bec0       0x9c ./Middlewares/Third_Party/FreeRTOS/Source/timers.o
 .text.prvGetNextExpireTime
                0x000000000801bf5c       0x48 ./Middlewares/Third_Party/FreeRTOS/Source/timers.o
 .text.prvSampleTimeNow
                0x000000000801bfa4       0x40 ./Middlewares/Third_Party/FreeRTOS/Source/timers.o
 .text.prvInsertTimerInActiveList
                0x000000000801bfe4       0x84 ./Middlewares/Third_Party/FreeRTOS/Source/timers.o
 .text.prvProcessReceivedCommands
                0x000000000801c068      0x18c ./Middlewares/Third_Party/FreeRTOS/Source/timers.o
 .text.prvSwitchTimerLists
                0x000000000801c1f4       0xc8 ./Middlewares/Third_Party/FreeRTOS/Source/timers.o
 .text.prvCheckForValidListAndQueue
                0x000000000801c2bc       0x80 ./Middlewares/Third_Party/FreeRTOS/Source/timers.o
 .text.pxPortInitialiseStack
                0x000000000801c33c       0x68 ./Middlewares/Third_Party/FreeRTOS/Source/portable/GCC/ARM_CM4F/port.o
                0x000000000801c33c                pxPortInitialiseStack
 .text.prvTaskExitError
                0x000000000801c3a4       0x58 ./Middlewares/Third_Party/FreeRTOS/Source/portable/GCC/ARM_CM4F/port.o
 *fill*         0x000000000801c3fc        0x4 
 .text.SVC_Handler
                0x000000000801c400       0x28 ./Middlewares/Third_Party/FreeRTOS/Source/portable/GCC/ARM_CM4F/port.o
                0x000000000801c400                SVC_Handler
 .text.prvPortStartFirstTask
                0x000000000801c428       0x28 ./Middlewares/Third_Party/FreeRTOS/Source/portable/GCC/ARM_CM4F/port.o
 .text.xPortStartScheduler
                0x000000000801c450      0x144 ./Middlewares/Third_Party/FreeRTOS/Source/portable/GCC/ARM_CM4F/port.o
                0x000000000801c450                xPortStartScheduler
 .text.vPortEnterCritical
                0x000000000801c594       0x60 ./Middlewares/Third_Party/FreeRTOS/Source/portable/GCC/ARM_CM4F/port.o
                0x000000000801c594                vPortEnterCritical
 .text.vPortExitCritical
                0x000000000801c5f4       0x54 ./Middlewares/Third_Party/FreeRTOS/Source/portable/GCC/ARM_CM4F/port.o
                0x000000000801c5f4                vPortExitCritical
 *fill*         0x000000000801c648        0x8 
 .text.PendSV_Handler
                0x000000000801c650       0x68 ./Middlewares/Third_Party/FreeRTOS/Source/portable/GCC/ARM_CM4F/port.o
                0x000000000801c650                PendSV_Handler
 .text.SysTick_Handler
                0x000000000801c6b8       0x44 ./Middlewares/Third_Party/FreeRTOS/Source/portable/GCC/ARM_CM4F/port.o
                0x000000000801c6b8                SysTick_Handler
 .text.vPortSetupTimerInterrupt
                0x000000000801c6fc       0x48 ./Middlewares/Third_Party/FreeRTOS/Source/portable/GCC/ARM_CM4F/port.o
                0x000000000801c6fc                vPortSetupTimerInterrupt
 .text.vPortEnableVFP
                0x000000000801c744       0x14 ./Middlewares/Third_Party/FreeRTOS/Source/portable/GCC/ARM_CM4F/port.o
 .text.vPortValidateInterruptPriority
                0x000000000801c758       0x80 ./Middlewares/Third_Party/FreeRTOS/Source/portable/GCC/ARM_CM4F/port.o
                0x000000000801c758                vPortValidateInterruptPriority
 .text.pvPortMalloc
                0x000000000801c7d8      0x198 ./Middlewares/Third_Party/FreeRTOS/Source/portable/MemMang/heap_4.o
                0x000000000801c7d8                pvPortMalloc
 .text.vPortFree
                0x000000000801c970       0xc4 ./Middlewares/Third_Party/FreeRTOS/Source/portable/MemMang/heap_4.o
                0x000000000801c970                vPortFree
 .text.prvHeapInit
                0x000000000801ca34       0xc4 ./Middlewares/Third_Party/FreeRTOS/Source/portable/MemMang/heap_4.o
 .text.prvInsertBlockIntoFreeList
                0x000000000801caf8       0xb4 ./Middlewares/Third_Party/FreeRTOS/Source/portable/MemMang/heap_4.o
 .text.ThreadCallRingCenterTask
                0x000000000801cbac       0x50 ./User/CallRingCenteerTask.o
                0x000000000801cbac                ThreadCallRingCenterTask
 .text.ThreadDisplayTask
                0x000000000801cbfc     0x1750 ./User/DisplayTask.o
                0x000000000801cbfc                ThreadDisplayTask
 .text.ThreadEventWriteTask
                0x000000000801e34c      0x3f4 ./User/EventWriteTask.o
                0x000000000801e34c                ThreadEventWriteTask
 .text.ThreadGetCurrentTask
                0x000000000801e740     0x1a40 ./User/GetCurrentTask.o
                0x000000000801e740                ThreadGetCurrentTask
 .text.ThreadM95Task
                0x0000000008020180      0x44c ./User/M95Task.o
                0x0000000008020180                ThreadM95Task
 .text.__NVIC_SystemReset
                0x00000000080205cc       0x2c ./User/MainTask.o
 .text.ThreadMainTask
                0x00000000080205f8     0x1d18 ./User/MainTask.o
                0x00000000080205f8                ThreadMainTask
 .text.ThreadMeterTask
                0x0000000008022310       0xb0 ./User/MeterTask.o
                0x0000000008022310                ThreadMeterTask
 .text.ThreadModbusPacketTask
                0x00000000080223c0      0x44c ./User/ModbusPacketTask.o
                0x00000000080223c0                ThreadModbusPacketTask
 .text.ThreadModbusTask
                0x000000000802280c      0x4a0 ./User/ModbusTask.o
                0x000000000802280c                ThreadModbusTask
 .text.ThreadReadRegistersTask
                0x0000000008022cac       0x5c ./User/ReadRegistersTask.o
                0x0000000008022cac                ThreadReadRegistersTask
 .text.meter_rx_buffer_clear
                0x0000000008022d08       0x34 ./User/ce303.o
                0x0000000008022d08                meter_rx_buffer_clear
 .text.ce303_voltage
                0x0000000008022d3c     0x1498 ./User/ce303.o
                0x0000000008022d3c                ce303_voltage
 .text.ce303_current
                0x00000000080241d4     0x1494 ./User/ce303.o
                0x00000000080241d4                ce303_current
 .text.ce303_power
                0x0000000008025668     0x1498 ./User/ce303.o
                0x0000000008025668                ce303_power
 .text.ce303_tarif
                0x0000000008026b00     0x2478 ./User/ce303.o
                0x0000000008026b00                ce303_tarif
 .text.LED1_A2_ON
                0x0000000008028f78       0x20 ./User/da04_11gwa.o
                0x0000000008028f78                LED1_A2_ON
 .text.LED1_A2_OFF
                0x0000000008028f98       0x20 ./User/da04_11gwa.o
                0x0000000008028f98                LED1_A2_OFF
 .text.LED1_B2_ON
                0x0000000008028fb8       0x20 ./User/da04_11gwa.o
                0x0000000008028fb8                LED1_B2_ON
 .text.LED1_B2_OFF
                0x0000000008028fd8       0x20 ./User/da04_11gwa.o
                0x0000000008028fd8                LED1_B2_OFF
 .text.LED1_C2_ON
                0x0000000008028ff8       0x20 ./User/da04_11gwa.o
                0x0000000008028ff8                LED1_C2_ON
 .text.LED1_C2_OFF
                0x0000000008029018       0x20 ./User/da04_11gwa.o
                0x0000000008029018                LED1_C2_OFF
 .text.LED1_D2_ON
                0x0000000008029038       0x20 ./User/da04_11gwa.o
                0x0000000008029038                LED1_D2_ON
 .text.LED1_D2_OFF
                0x0000000008029058       0x20 ./User/da04_11gwa.o
                0x0000000008029058                LED1_D2_OFF
 .text.LED1_E2_ON
                0x0000000008029078       0x20 ./User/da04_11gwa.o
                0x0000000008029078                LED1_E2_ON
 .text.LED1_E2_OFF
                0x0000000008029098       0x20 ./User/da04_11gwa.o
                0x0000000008029098                LED1_E2_OFF
 .text.LED1_F2_ON
                0x00000000080290b8       0x20 ./User/da04_11gwa.o
                0x00000000080290b8                LED1_F2_ON
 .text.LED1_F2_OFF
                0x00000000080290d8       0x20 ./User/da04_11gwa.o
                0x00000000080290d8                LED1_F2_OFF
 .text.LED1_G2_ON
                0x00000000080290f8       0x20 ./User/da04_11gwa.o
                0x00000000080290f8                LED1_G2_ON
 .text.LED1_G2_OFF
                0x0000000008029118       0x20 ./User/da04_11gwa.o
                0x0000000008029118                LED1_G2_OFF
 .text.LED1_A1_ON
                0x0000000008029138       0x20 ./User/da04_11gwa.o
                0x0000000008029138                LED1_A1_ON
 .text.LED1_A1_OFF
                0x0000000008029158       0x20 ./User/da04_11gwa.o
                0x0000000008029158                LED1_A1_OFF
 .text.LED1_B1_ON
                0x0000000008029178       0x20 ./User/da04_11gwa.o
                0x0000000008029178                LED1_B1_ON
 .text.LED1_B1_OFF
                0x0000000008029198       0x20 ./User/da04_11gwa.o
                0x0000000008029198                LED1_B1_OFF
 .text.LED1_C1_ON
                0x00000000080291b8       0x20 ./User/da04_11gwa.o
                0x00000000080291b8                LED1_C1_ON
 .text.LED1_C1_OFF
                0x00000000080291d8       0x20 ./User/da04_11gwa.o
                0x00000000080291d8                LED1_C1_OFF
 .text.LED1_D1_ON
                0x00000000080291f8       0x20 ./User/da04_11gwa.o
                0x00000000080291f8                LED1_D1_ON
 .text.LED1_D1_OFF
                0x0000000008029218       0x20 ./User/da04_11gwa.o
                0x0000000008029218                LED1_D1_OFF
 .text.LED1_E1_ON
                0x0000000008029238       0x20 ./User/da04_11gwa.o
                0x0000000008029238                LED1_E1_ON
 .text.LED1_E1_OFF
                0x0000000008029258       0x20 ./User/da04_11gwa.o
                0x0000000008029258                LED1_E1_OFF
 .text.LED1_F1_ON
                0x0000000008029278       0x20 ./User/da04_11gwa.o
                0x0000000008029278                LED1_F1_ON
 .text.LED1_F1_OFF
                0x0000000008029298       0x20 ./User/da04_11gwa.o
                0x0000000008029298                LED1_F1_OFF
 .text.LED1_G1_ON
                0x00000000080292b8       0x20 ./User/da04_11gwa.o
                0x00000000080292b8                LED1_G1_ON
 .text.LED1_G1_OFF
                0x00000000080292d8       0x20 ./User/da04_11gwa.o
                0x00000000080292d8                LED1_G1_OFF
 .text.LED2_A2_ON
                0x00000000080292f8       0x20 ./User/da04_11gwa.o
                0x00000000080292f8                LED2_A2_ON
 .text.LED2_A2_OFF
                0x0000000008029318       0x20 ./User/da04_11gwa.o
                0x0000000008029318                LED2_A2_OFF
 .text.LED2_B2_ON
                0x0000000008029338       0x20 ./User/da04_11gwa.o
                0x0000000008029338                LED2_B2_ON
 .text.LED2_B2_OFF
                0x0000000008029358       0x20 ./User/da04_11gwa.o
                0x0000000008029358                LED2_B2_OFF
 .text.LED2_C2_ON
                0x0000000008029378       0x20 ./User/da04_11gwa.o
                0x0000000008029378                LED2_C2_ON
 .text.LED2_C2_OFF
                0x0000000008029398       0x20 ./User/da04_11gwa.o
                0x0000000008029398                LED2_C2_OFF
 .text.LED2_D2_ON
                0x00000000080293b8       0x20 ./User/da04_11gwa.o
                0x00000000080293b8                LED2_D2_ON
 .text.LED2_D2_OFF
                0x00000000080293d8       0x20 ./User/da04_11gwa.o
                0x00000000080293d8                LED2_D2_OFF
 .text.LED2_E2_ON
                0x00000000080293f8       0x20 ./User/da04_11gwa.o
                0x00000000080293f8                LED2_E2_ON
 .text.LED2_E2_OFF
                0x0000000008029418       0x20 ./User/da04_11gwa.o
                0x0000000008029418                LED2_E2_OFF
 .text.LED2_F2_ON
                0x0000000008029438       0x20 ./User/da04_11gwa.o
                0x0000000008029438                LED2_F2_ON
 .text.LED2_F2_OFF
                0x0000000008029458       0x20 ./User/da04_11gwa.o
                0x0000000008029458                LED2_F2_OFF
 .text.LED2_G2_ON
                0x0000000008029478       0x20 ./User/da04_11gwa.o
                0x0000000008029478                LED2_G2_ON
 .text.LED2_G2_OFF
                0x0000000008029498       0x20 ./User/da04_11gwa.o
                0x0000000008029498                LED2_G2_OFF
 .text.LED2_A1_ON
                0x00000000080294b8       0x20 ./User/da04_11gwa.o
                0x00000000080294b8                LED2_A1_ON
 .text.LED2_A1_OFF
                0x00000000080294d8       0x20 ./User/da04_11gwa.o
                0x00000000080294d8                LED2_A1_OFF
 .text.LED2_B1_ON
                0x00000000080294f8       0x20 ./User/da04_11gwa.o
                0x00000000080294f8                LED2_B1_ON
 .text.LED2_B1_OFF
                0x0000000008029518       0x20 ./User/da04_11gwa.o
                0x0000000008029518                LED2_B1_OFF
 .text.LED2_C1_ON
                0x0000000008029538       0x20 ./User/da04_11gwa.o
                0x0000000008029538                LED2_C1_ON
 .text.LED2_C1_OFF
                0x0000000008029558       0x20 ./User/da04_11gwa.o
                0x0000000008029558                LED2_C1_OFF
 .text.LED2_D1_ON
                0x0000000008029578       0x20 ./User/da04_11gwa.o
                0x0000000008029578                LED2_D1_ON
 .text.LED2_D1_OFF
                0x0000000008029598       0x20 ./User/da04_11gwa.o
                0x0000000008029598                LED2_D1_OFF
 .text.LED2_E1_ON
                0x00000000080295b8       0x20 ./User/da04_11gwa.o
                0x00000000080295b8                LED2_E1_ON
 .text.LED2_E1_OFF
                0x00000000080295d8       0x20 ./User/da04_11gwa.o
                0x00000000080295d8                LED2_E1_OFF
 .text.LED2_F1_ON
                0x00000000080295f8       0x20 ./User/da04_11gwa.o
                0x00000000080295f8                LED2_F1_ON
 .text.LED2_F1_OFF
                0x0000000008029618       0x20 ./User/da04_11gwa.o
                0x0000000008029618                LED2_F1_OFF
 .text.LED2_G1_ON
                0x0000000008029638       0x20 ./User/da04_11gwa.o
                0x0000000008029638                LED2_G1_ON
 .text.LED2_G1_OFF
                0x0000000008029658       0x20 ./User/da04_11gwa.o
                0x0000000008029658                LED2_G1_OFF
 .text.dig1_set_0
                0x0000000008029678       0x24 ./User/da04_11gwa.o
                0x0000000008029678                dig1_set_0
 .text.dig1_set_1
                0x000000000802969c       0x24 ./User/da04_11gwa.o
                0x000000000802969c                dig1_set_1
 .text.dig1_set_2
                0x00000000080296c0       0x24 ./User/da04_11gwa.o
                0x00000000080296c0                dig1_set_2
 .text.dig1_set_3
                0x00000000080296e4       0x24 ./User/da04_11gwa.o
                0x00000000080296e4                dig1_set_3
 .text.dig1_set_4
                0x0000000008029708       0x24 ./User/da04_11gwa.o
                0x0000000008029708                dig1_set_4
 .text.dig1_set_5
                0x000000000802972c       0x24 ./User/da04_11gwa.o
                0x000000000802972c                dig1_set_5
 .text.dig1_set_6
                0x0000000008029750       0x24 ./User/da04_11gwa.o
                0x0000000008029750                dig1_set_6
 .text.dig1_set_7
                0x0000000008029774       0x24 ./User/da04_11gwa.o
                0x0000000008029774                dig1_set_7
 .text.dig1_set_8
                0x0000000008029798       0x24 ./User/da04_11gwa.o
                0x0000000008029798                dig1_set_8
 .text.dig1_set_9
                0x00000000080297bc       0x24 ./User/da04_11gwa.o
                0x00000000080297bc                dig1_set_9
 .text.dig1_set_off
                0x00000000080297e0       0x24 ./User/da04_11gwa.o
                0x00000000080297e0                dig1_set_off
 .text.dig2_set_0
                0x0000000008029804       0x24 ./User/da04_11gwa.o
                0x0000000008029804                dig2_set_0
 .text.dig2_set_1
                0x0000000008029828       0x24 ./User/da04_11gwa.o
                0x0000000008029828                dig2_set_1
 .text.dig2_set_2
                0x000000000802984c       0x24 ./User/da04_11gwa.o
                0x000000000802984c                dig2_set_2
 .text.dig2_set_3
                0x0000000008029870       0x24 ./User/da04_11gwa.o
                0x0000000008029870                dig2_set_3
 .text.dig2_set_4
                0x0000000008029894       0x24 ./User/da04_11gwa.o
                0x0000000008029894                dig2_set_4
 .text.dig2_set_5
                0x00000000080298b8       0x24 ./User/da04_11gwa.o
                0x00000000080298b8                dig2_set_5
 .text.dig2_set_6
                0x00000000080298dc       0x24 ./User/da04_11gwa.o
                0x00000000080298dc                dig2_set_6
 .text.dig2_set_7
                0x0000000008029900       0x24 ./User/da04_11gwa.o
                0x0000000008029900                dig2_set_7
 .text.dig2_set_8
                0x0000000008029924       0x24 ./User/da04_11gwa.o
                0x0000000008029924                dig2_set_8
 .text.dig2_set_9
                0x0000000008029948       0x24 ./User/da04_11gwa.o
                0x0000000008029948                dig2_set_9
 .text.dig3_set_0
                0x000000000802996c       0x24 ./User/da04_11gwa.o
                0x000000000802996c                dig3_set_0
 .text.dig3_set_1
                0x0000000008029990       0x24 ./User/da04_11gwa.o
                0x0000000008029990                dig3_set_1
 .text.dig3_set_2
                0x00000000080299b4       0x24 ./User/da04_11gwa.o
                0x00000000080299b4                dig3_set_2
 .text.dig3_set_3
                0x00000000080299d8       0x24 ./User/da04_11gwa.o
                0x00000000080299d8                dig3_set_3
 .text.dig3_set_4
                0x00000000080299fc       0x24 ./User/da04_11gwa.o
                0x00000000080299fc                dig3_set_4
 .text.dig3_set_5
                0x0000000008029a20       0x24 ./User/da04_11gwa.o
                0x0000000008029a20                dig3_set_5
 .text.dig3_set_6
                0x0000000008029a44       0x24 ./User/da04_11gwa.o
                0x0000000008029a44                dig3_set_6
 .text.dig3_set_7
                0x0000000008029a68       0x24 ./User/da04_11gwa.o
                0x0000000008029a68                dig3_set_7
 .text.dig3_set_8
                0x0000000008029a8c       0x24 ./User/da04_11gwa.o
                0x0000000008029a8c                dig3_set_8
 .text.dig3_set_9
                0x0000000008029ab0       0x24 ./User/da04_11gwa.o
                0x0000000008029ab0                dig3_set_9
 .text.dig4_set_0
                0x0000000008029ad4       0x24 ./User/da04_11gwa.o
                0x0000000008029ad4                dig4_set_0
 .text.dig4_set_1
                0x0000000008029af8       0x24 ./User/da04_11gwa.o
                0x0000000008029af8                dig4_set_1
 .text.dig4_set_2
                0x0000000008029b1c       0x24 ./User/da04_11gwa.o
                0x0000000008029b1c                dig4_set_2
 .text.dig4_set_3
                0x0000000008029b40       0x24 ./User/da04_11gwa.o
                0x0000000008029b40                dig4_set_3
 .text.dig4_set_4
                0x0000000008029b64       0x24 ./User/da04_11gwa.o
                0x0000000008029b64                dig4_set_4
 .text.dig4_set_5
                0x0000000008029b88       0x24 ./User/da04_11gwa.o
                0x0000000008029b88                dig4_set_5
 .text.dig4_set_6
                0x0000000008029bac       0x24 ./User/da04_11gwa.o
                0x0000000008029bac                dig4_set_6
 .text.dig4_set_7
                0x0000000008029bd0       0x24 ./User/da04_11gwa.o
                0x0000000008029bd0                dig4_set_7
 .text.dig4_set_8
                0x0000000008029bf4       0x24 ./User/da04_11gwa.o
                0x0000000008029bf4                dig4_set_8
 .text.dig4_set_9
                0x0000000008029c18       0x24 ./User/da04_11gwa.o
                0x0000000008029c18                dig4_set_9
 .text.dig1_set_y
                0x0000000008029c3c       0x24 ./User/da04_11gwa.o
                0x0000000008029c3c                dig1_set_y
 .text.dig1_set_a
                0x0000000008029c60       0x24 ./User/da04_11gwa.o
                0x0000000008029c60                dig1_set_a
 .text.dig1_set_p
                0x0000000008029c84       0x24 ./User/da04_11gwa.o
                0x0000000008029c84                dig1_set_p
 .text.dig1_set_dash
                0x0000000008029ca8       0x24 ./User/da04_11gwa.o
                0x0000000008029ca8                dig1_set_dash
 .text.dig1_set_b
                0x0000000008029ccc       0x24 ./User/da04_11gwa.o
                0x0000000008029ccc                dig1_set_b
 .text.dig1_set
                0x0000000008029cf0       0x88 ./User/da04_11gwa.o
                0x0000000008029cf0                dig1_set
 .text.dig2_set
                0x0000000008029d78       0x88 ./User/da04_11gwa.o
                0x0000000008029d78                dig2_set
 .text.dig3_set
                0x0000000008029e00       0x88 ./User/da04_11gwa.o
                0x0000000008029e00                dig3_set
 .text.dig4_set
                0x0000000008029e88       0x88 ./User/da04_11gwa.o
                0x0000000008029e88                dig4_set
 .text.minute_display
                0x0000000008029f10       0x44 ./User/da04_11gwa.o
                0x0000000008029f10                minute_display
 .text.hour_display
                0x0000000008029f54       0x44 ./User/da04_11gwa.o
                0x0000000008029f54                hour_display
 .text.status_register_display
                0x0000000008029f98      0x1c0 ./User/da04_11gwa.o
                0x0000000008029f98                status_register_display
 .text.control_register_display
                0x000000000802a158      0x1c0 ./User/da04_11gwa.o
                0x000000000802a158                control_register_display
 .text.number_display
                0x000000000802a318      0x1c0 ./User/da04_11gwa.o
                0x000000000802a318                number_display
 .text.number_change_display
                0x000000000802a4d8      0x1c0 ./User/da04_11gwa.o
                0x000000000802a4d8                number_change_display
 .text.ibutton_a_register_display
                0x000000000802a698      0x1c0 ./User/da04_11gwa.o
                0x000000000802a698                ibutton_a_register_display
 .text.ibutton_b_register_display
                0x000000000802a858      0x1c0 ./User/da04_11gwa.o
                0x000000000802a858                ibutton_b_register_display
 .text.fm25v02_read
                0x000000000802aa18       0x74 ./User/fm25v02.o
                0x000000000802aa18                fm25v02_read
 .text.fm25v02_write
                0x000000000802aa8c       0x98 ./User/fm25v02.o
                0x000000000802aa8c                fm25v02_write
 .text.fm25v02_fast_write
                0x000000000802ab24       0x48 ./User/fm25v02.o
                0x000000000802ab24                fm25v02_fast_write
 .text.fm25v02_fast_read
                0x000000000802ab6c       0x7c ./User/fm25v02.o
                0x000000000802ab6c                fm25v02_fast_read
 .text.BUZ_ON   0x000000000802abe8       0x18 ./User/gpio.o
                0x000000000802abe8                BUZ_ON
 .text.BUZ_OFF  0x000000000802ac00       0x18 ./User/gpio.o
                0x000000000802ac00                BUZ_OFF
 .text.LED_VD4_ON
                0x000000000802ac18        0xe ./User/gpio.o
                0x000000000802ac18                LED_VD4_ON
 .text.LED_VD4_OFF
                0x000000000802ac26        0xe ./User/gpio.o
                0x000000000802ac26                LED_VD4_OFF
 .text.LED1_OFF
                0x000000000802ac34       0x18 ./User/gpio.o
                0x000000000802ac34                LED1_OFF
 .text.LED1_ON  0x000000000802ac4c       0x18 ./User/gpio.o
                0x000000000802ac4c                LED1_ON
 .text.LED2_OFF
                0x000000000802ac64       0x18 ./User/gpio.o
                0x000000000802ac64                LED2_OFF
 .text.LED2_ON  0x000000000802ac7c       0x18 ./User/gpio.o
                0x000000000802ac7c                LED2_ON
 .text.LED3_OFF
                0x000000000802ac94       0x18 ./User/gpio.o
                0x000000000802ac94                LED3_OFF
 .text.LED3_ON  0x000000000802acac       0x18 ./User/gpio.o
                0x000000000802acac                LED3_ON
 .text.LED4_OFF
                0x000000000802acc4       0x18 ./User/gpio.o
                0x000000000802acc4                LED4_OFF
 .text.LED4_ON  0x000000000802acdc       0x18 ./User/gpio.o
                0x000000000802acdc                LED4_ON
 .text.LED5_OFF
                0x000000000802acf4       0x18 ./User/gpio.o
                0x000000000802acf4                LED5_OFF
 .text.LED5_ON  0x000000000802ad0c       0x18 ./User/gpio.o
                0x000000000802ad0c                LED5_ON
 .text.LED6_OFF
                0x000000000802ad24       0x18 ./User/gpio.o
                0x000000000802ad24                LED6_OFF
 .text.LED6_ON  0x000000000802ad3c       0x18 ./User/gpio.o
                0x000000000802ad3c                LED6_ON
 .text.LED7_OFF
                0x000000000802ad54       0x18 ./User/gpio.o
                0x000000000802ad54                LED7_OFF
 .text.LED7_ON  0x000000000802ad6c       0x18 ./User/gpio.o
                0x000000000802ad6c                LED7_ON
 .text.LED8_OFF
                0x000000000802ad84       0x18 ./User/gpio.o
                0x000000000802ad84                LED8_OFF
 .text.LED8_ON  0x000000000802ad9c       0x18 ./User/gpio.o
                0x000000000802ad9c                LED8_ON
 .text.LED2_TOGGLE
                0x000000000802adb4       0x14 ./User/gpio.o
                0x000000000802adb4                LED2_TOGGLE
 .text.PHASE_A_ON
                0x000000000802adc8       0x18 ./User/gpio.o
                0x000000000802adc8                PHASE_A_ON
 .text.PHASE_A_OFF
                0x000000000802ade0       0x18 ./User/gpio.o
                0x000000000802ade0                PHASE_A_OFF
 .text.PHASE_B_ON
                0x000000000802adf8       0x18 ./User/gpio.o
                0x000000000802adf8                PHASE_B_ON
 .text.PHASE_B_OFF
                0x000000000802ae10       0x18 ./User/gpio.o
                0x000000000802ae10                PHASE_B_OFF
 .text.PHASE_C_ON
                0x000000000802ae28       0x18 ./User/gpio.o
                0x000000000802ae28                PHASE_C_ON
 .text.PHASE_C_OFF
                0x000000000802ae40       0x18 ./User/gpio.o
                0x000000000802ae40                PHASE_C_OFF
 .text.find_str
                0x000000000802ae58       0x68 ./User/m95.o
                0x000000000802ae58                find_str
 .text.m95_power_on
                0x000000000802aec0       0x40 ./User/m95.o
                0x000000000802aec0                m95_power_on
 .text.m95_power_off
                0x000000000802af00       0x40 ./User/m95.o
                0x000000000802af00                m95_power_off
 .text.modem_rx_buffer_clear
                0x000000000802af40       0x34 ./User/m95.o
                0x000000000802af40                modem_rx_buffer_clear
 .text.ATE0     0x000000000802af74       0xac ./User/m95.o
                0x000000000802af74                ATE0
 .text.AT       0x000000000802b020       0xac ./User/m95.o
                0x000000000802b020                AT
 .text.request_to_server
                0x000000000802b0cc       0x38 ./User/m95.o
                0x000000000802b0cc                request_to_server
 .text.AT_CSQ   0x000000000802b104       0xfc ./User/m95.o
                0x000000000802b104                AT_CSQ
 .text.AT_CIPSTATUS
                0x000000000802b200      0x278 ./User/m95.o
                0x000000000802b200                AT_CIPSTATUS
 .text.AT_CSTT  0x000000000802b478       0xf8 ./User/m95.o
                0x000000000802b478                AT_CSTT
 .text.AT_CIICR
                0x000000000802b570       0xd4 ./User/m95.o
                0x000000000802b570                AT_CIICR
 .text.AT_CIFSR
                0x000000000802b644       0xd4 ./User/m95.o
                0x000000000802b644                AT_CIFSR
 .text.AT_CIPSTART
                0x000000000802b718      0x19c ./User/m95.o
                0x000000000802b718                AT_CIPSTART
 .text.AT_CIPSEND
                0x000000000802b8b4      0x128 ./User/m95.o
                0x000000000802b8b4                AT_CIPSEND
 .text.AT_CIPSHUT
                0x000000000802b9dc       0xd4 ./User/m95.o
                0x000000000802b9dc                AT_CIPSHUT
 .text.AT_CCID  0x000000000802bab0      0x714 ./User/m95.o
                0x000000000802bab0                AT_CCID
 .text.read_status_registers
                0x000000000802c1c4     0x10d0 ./User/modbus.o
                0x000000000802c1c4                read_status_registers
 .text.read_control_registers
                0x000000000802d294      0x990 ./User/modbus.o
                0x000000000802d294                read_control_registers
 .text.CRC16    0x000000000802dc24       0x64 ./User/modbus.o
                0x000000000802dc24                CRC16
 .text.TSL2561_setPowerUp
                0x000000000802dc88       0x12 ./User/tsl2561.o
                0x000000000802dc88                TSL2561_setPowerUp
 .text.TSL2561_setTiming
                0x000000000802dc9a       0x7c ./User/tsl2561.o
                0x000000000802dc9a                TSL2561_setTiming
 .text.TSL2561_setTiming_ms
                0x000000000802dd16       0x5a ./User/tsl2561.o
                0x000000000802dd16                TSL2561_setTiming_ms
 .text.TSL2561_getData
                0x000000000802dd70       0x3a ./User/tsl2561.o
                0x000000000802dd70                TSL2561_getData
 *fill*         0x000000000802ddaa        0x6 
 .text.TSL2561_getLux
                0x000000000802ddb0      0x2e0 ./User/tsl2561.o
                0x000000000802ddb0                TSL2561_getLux
 .text.TSL2561_getID
                0x000000000802e090       0x24 ./User/tsl2561.o
                0x000000000802e090                TSL2561_getID
 .text.TSL2561_WriteByte
                0x000000000802e0b4       0x58 ./User/tsl2561.o
                0x000000000802e0b4                TSL2561_WriteByte
 .text.TSL2561_ReadByte
                0x000000000802e10c       0x68 ./User/tsl2561.o
                0x000000000802e10c                TSL2561_ReadByte
 .text.TSL2561_readUInt
                0x000000000802e174       0x84 ./User/tsl2561.o
                0x000000000802e174                TSL2561_readUInt
 .text.__errno  0x000000000802e1f8        0xc c:/st/stm32cubeide_1.8.0/stm32cubeide/plugins/com.st.stm32cube.ide.mcu.externaltools.gnu-tools-for-stm32.9-2020-q2-update.win32_2.0.0.202105311346/tools/bin/../lib/gcc/arm-none-eabi/9.3.1/../../../../arm-none-eabi/lib/thumb/v7e-m+fp/hard\libc_nano.a(lib_a-errno.o)
                0x000000000802e1f8                __errno
 .text.__libc_init_array
                0x000000000802e204       0x48 c:/st/stm32cubeide_1.8.0/stm32cubeide/plugins/com.st.stm32cube.ide.mcu.externaltools.gnu-tools-for-stm32.9-2020-q2-update.win32_2.0.0.202105311346/tools/bin/../lib/gcc/arm-none-eabi/9.3.1/../../../../arm-none-eabi/lib/thumb/v7e-m+fp/hard\libc_nano.a(lib_a-init.o)
                0x000000000802e204                __libc_init_array
 .text.__retarget_lock_acquire_recursive
                0x000000000802e24c        0x2 c:/st/stm32cubeide_1.8.0/stm32cubeide/plugins/com.st.stm32cube.ide.mcu.externaltools.gnu-tools-for-stm32.9-2020-q2-update.win32_2.0.0.202105311346/tools/bin/../lib/gcc/arm-none-eabi/9.3.1/../../../../arm-none-eabi/lib/thumb/v7e-m+fp/hard\libc_nano.a(lib_a-lock.o)
                0x000000000802e24c                __retarget_lock_acquire_recursive
 .text.__retarget_lock_release_recursive
                0x000000000802e24e        0x2 c:/st/stm32cubeide_1.8.0/stm32cubeide/plugins/com.st.stm32cube.ide.mcu.externaltools.gnu-tools-for-stm32.9-2020-q2-update.win32_2.0.0.202105311346/tools/bin/../lib/gcc/arm-none-eabi/9.3.1/../../../../arm-none-eabi/lib/thumb/v7e-m+fp/hard\libc_nano.a(lib_a-lock.o)
                0x000000000802e24e                __retarget_lock_release_recursive
 .text.memcpy   0x000000000802e250       0x1c c:/st/stm32cubeide_1.8.0/stm32cubeide/plugins/com.st.stm32cube.ide.mcu.externaltools.gnu-tools-for-stm32.9-2020-q2-update.win32_2.0.0.202105311346/tools/bin/../lib/gcc/arm-none-eabi/9.3.1/../../../../arm-none-eabi/lib/thumb/v7e-m+fp/hard\libc_nano.a(lib_a-memcpy-stub.o)
                0x000000000802e250                memcpy
 .text.memset   0x000000000802e26c       0x10 c:/st/stm32cubeide_1.8.0/stm32cubeide/plugins/com.st.stm32cube.ide.mcu.externaltools.gnu-tools-for-stm32.9-2020-q2-update.win32_2.0.0.202105311346/tools/bin/../lib/gcc/arm-none-eabi/9.3.1/../../../../arm-none-eabi/lib/thumb/v7e-m+fp/hard\libc_nano.a(lib_a-memset.o)
                0x000000000802e26c                memset
 .text._malloc_r
                0x000000000802e27c       0xb4 c:/st/stm32cubeide_1.8.0/stm32cubeide/plugins/com.st.stm32cube.ide.mcu.externaltools.gnu-tools-for-stm32.9-2020-q2-update.win32_2.0.0.202105311346/tools/bin/../lib/gcc/arm-none-eabi/9.3.1/../../../../arm-none-eabi/lib/thumb/v7e-m+fp/hard\libc_nano.a(lib_a-nano-mallocr.o)
                0x000000000802e27c                _malloc_r