core_cm4.h:1939:34:__NVIC_SystemReset	4	static,ignoring_inline_asm
main.c:228:6:HAL_UART_TxCpltCallback	16	static
main.c:246:6:HAL_UART_RxCpltCallback	16	static
main.c:271:6:HAL_ADC_ConvCpltCallback	16	static
main.c:317:5:main	424	static
main.c:482:6:SystemClock_Config	88	static
main.c:531:13:MX_ADC1_Init	24	static
main.c:601:13:MX_I2C1_Init	8	static
main.c:635:13:MX_IWDG_Init	4	static
main.c:663:13:MX_RTC_Init	32	static
main.c:726:13:MX_SPI2_Init	8	static
main.c:764:13:MX_SPI3_Init	8	static
main.c:802:13:MX_TIM2_Init	32	static
main.c:847:13:MX_TIM3_Init	32	static
main.c:892:13:MX_USART2_UART_Init	8	static
main.c:925:13:MX_USART3_UART_Init	8	static
main.c:958:13:MX_USART6_UART_Init	8	static
main.c:989:13:MX_DMA_Init	16	static
main.c:1020:13:MX_GPIO_Init	56	static
main.c:1118:6:Callback_AT_Timer	16	static
main.c:1126:6:Callback_Ring_Center_Timer	16	static
main.c:1145:6:StartDefaultTask	16	static
main.c:1173:6:HAL_TIM_PeriodElapsedCallback	16	static
main.c:1555:6:Error_Handler	8	static
