stm32f4xx_it.c:80:6:NMI_Handler	4	static
stm32f4xx_it.c:95:6:HardFault_Handler	4	static
stm32f4xx_it.c:110:6:MemManage_Handler	4	static
stm32f4xx_it.c:125:6:BusFault_Handler	4	static
stm32f4xx_it.c:140:6:UsageFault_Handler	4	static
stm32f4xx_it.c:155:6:DebugMon_Handler	4	static
stm32f4xx_it.c:175:6:DMA1_Stream1_IRQHandler	8	static
stm32f4xx_it.c:189:6:DMA1_Stream3_IRQHandler	8	static
stm32f4xx_it.c:203:6:ADC_IRQHandler	8	static
stm32f4xx_it.c:217:6:TIM1_UP_TIM10_IRQHandler	8	static
stm32f4xx_it.c:231:6:TIM2_IRQHandler	8	static
stm32f4xx_it.c:245:6:TIM3_IRQHandler	8	static
stm32f4xx_it.c:259:6:USART3_IRQHandler	8	static
stm32f4xx_it.c:273:6:DMA2_Stream0_IRQHandler	8	static
stm32f4xx_it.c:287:6:DMA2_Stream1_IRQHandler	8	static
stm32f4xx_it.c:301:6:DMA2_Stream6_IRQHandler	8	static
stm32f4xx_it.c:315:6:USART6_IRQHandler	8	static
