da04_11gwa.c:7:6:LED1_A2_ON	4	static
da04_11gwa.c:13:6:LED1_A2_OFF	4	static
da04_11gwa.c:19:6:LED1_B2_ON	4	static
da04_11gwa.c:25:6:LED1_B2_OFF	4	static
da04_11gwa.c:31:6:LED1_C2_ON	4	static
da04_11gwa.c:37:6:LED1_C2_OFF	4	static
da04_11gwa.c:43:6:LED1_D2_ON	4	static
da04_11gwa.c:49:6:LED1_D2_OFF	4	static
da04_11gwa.c:55:6:LED1_E2_ON	4	static
da04_11gwa.c:61:6:LED1_E2_OFF	4	static
da04_11gwa.c:67:6:LED1_F2_ON	4	static
da04_11gwa.c:73:6:LED1_F2_OFF	4	static
da04_11gwa.c:79:6:LED1_G2_ON	4	static
da04_11gwa.c:85:6:LED1_G2_OFF	4	static
da04_11gwa.c:94:6:LED1_A1_ON	4	static
da04_11gwa.c:100:6:LED1_A1_OFF	4	static
da04_11gwa.c:106:6:LED1_B1_ON	4	static
da04_11gwa.c:112:6:LED1_B1_OFF	4	static
da04_11gwa.c:118:6:LED1_C1_ON	4	static
da04_11gwa.c:124:6:LED1_C1_OFF	4	static
da04_11gwa.c:130:6:LED1_D1_ON	4	static
da04_11gwa.c:136:6:LED1_D1_OFF	4	static
da04_11gwa.c:142:6:LED1_E1_ON	4	static
da04_11gwa.c:148:6:LED1_E1_OFF	4	static
da04_11gwa.c:154:6:LED1_F1_ON	4	static
da04_11gwa.c:160:6:LED1_F1_OFF	4	static
da04_11gwa.c:166:6:LED1_G1_ON	4	static
da04_11gwa.c:172:6:LED1_G1_OFF	4	static
da04_11gwa.c:180:6:LED2_A2_ON	4	static
da04_11gwa.c:186:6:LED2_A2_OFF	4	static
da04_11gwa.c:192:6:LED2_B2_ON	4	static
da04_11gwa.c:198:6:LED2_B2_OFF	4	static
da04_11gwa.c:204:6:LED2_C2_ON	4	static
da04_11gwa.c:210:6:LED2_C2_OFF	4	static
da04_11gwa.c:216:6:LED2_D2_ON	4	static
da04_11gwa.c:222:6:LED2_D2_OFF	4	static
da04_11gwa.c:228:6:LED2_E2_ON	4	static
da04_11gwa.c:234:6:LED2_E2_OFF	4	static
da04_11gwa.c:240:6:LED2_F2_ON	4	static
da04_11gwa.c:246:6:LED2_F2_OFF	4	static
da04_11gwa.c:252:6:LED2_G2_ON	4	static
da04_11gwa.c:258:6:LED2_G2_OFF	4	static
da04_11gwa.c:266:6:LED2_A1_ON	4	static
da04_11gwa.c:272:6:LED2_A1_OFF	4	static
da04_11gwa.c:278:6:LED2_B1_ON	4	static
da04_11gwa.c:284:6:LED2_B1_OFF	4	static
da04_11gwa.c:290:6:LED2_C1_ON	4	static
da04_11gwa.c:296:6:LED2_C1_OFF	4	static
da04_11gwa.c:302:6:LED2_D1_ON	4	static
da04_11gwa.c:308:6:LED2_D1_OFF	4	static
da04_11gwa.c:314:6:LED2_E1_ON	4	static
da04_11gwa.c:320:6:LED2_E1_OFF	4	static
da04_11gwa.c:326:6:LED2_F1_ON	4	static
da04_11gwa.c:332:6:LED2_F1_OFF	4	static
da04_11gwa.c:338:6:LED2_G1_ON	4	static
da04_11gwa.c:344:6:LED2_G1_OFF	4	static
da04_11gwa.c:353:6:dig1_set_0	8	static
da04_11gwa.c:364:6:dig1_set_1	8	static
da04_11gwa.c:375:6:dig1_set_2	8	static
da04_11gwa.c:386:6:dig1_set_3	8	static
da04_11gwa.c:397:6:dig1_set_4	8	static
da04_11gwa.c:408:6:dig1_set_5	8	static
da04_11gwa.c:419:6:dig1_set_6	8	static
da04_11gwa.c:430:6:dig1_set_7	8	static
da04_11gwa.c:441:6:dig1_set_8	8	static
da04_11gwa.c:452:6:dig1_set_9	8	static
da04_11gwa.c:463:6:dig1_set_off	8	static
da04_11gwa.c:478:6:dig2_set_0	8	static
da04_11gwa.c:489:6:dig2_set_1	8	static
da04_11gwa.c:500:6:dig2_set_2	8	static
da04_11gwa.c:511:6:dig2_set_3	8	static
da04_11gwa.c:522:6:dig2_set_4	8	static
da04_11gwa.c:533:6:dig2_set_5	8	static
da04_11gwa.c:544:6:dig2_set_6	8	static
da04_11gwa.c:555:6:dig2_set_7	8	static
da04_11gwa.c:566:6:dig2_set_8	8	static
da04_11gwa.c:577:6:dig2_set_9	8	static
da04_11gwa.c:588:6:dig2_set_off	8	static
da04_11gwa.c:601:6:dig3_set_0	8	static
da04_11gwa.c:612:6:dig3_set_1	8	static
da04_11gwa.c:623:6:dig3_set_2	8	static
da04_11gwa.c:634:6:dig3_set_3	8	static
da04_11gwa.c:645:6:dig3_set_4	8	static
da04_11gwa.c:656:6:dig3_set_5	8	static
da04_11gwa.c:667:6:dig3_set_6	8	static
da04_11gwa.c:678:6:dig3_set_7	8	static
da04_11gwa.c:689:6:dig3_set_8	8	static
da04_11gwa.c:700:6:dig3_set_9	8	static
da04_11gwa.c:711:6:dig3_set_off	8	static
da04_11gwa.c:724:6:dig4_set_0	8	static
da04_11gwa.c:735:6:dig4_set_1	8	static
da04_11gwa.c:746:6:dig4_set_2	8	static
da04_11gwa.c:757:6:dig4_set_3	8	static
da04_11gwa.c:768:6:dig4_set_4	8	static
da04_11gwa.c:779:6:dig4_set_5	8	static
da04_11gwa.c:790:6:dig4_set_6	8	static
da04_11gwa.c:801:6:dig4_set_7	8	static
da04_11gwa.c:812:6:dig4_set_8	8	static
da04_11gwa.c:823:6:dig4_set_9	8	static
da04_11gwa.c:834:6:dig4_set_off	8	static
da04_11gwa.c:846:6:dig1_set_c	8	static
da04_11gwa.c:857:6:dig1_set_y	8	static
da04_11gwa.c:868:6:dig1_set_a	8	static
da04_11gwa.c:879:6:dig1_set_p	8	static
da04_11gwa.c:890:6:dig1_set_dash	8	static
da04_11gwa.c:901:6:dig1_set_b	8	static
da04_11gwa.c:914:6:dig1_set	16	static
da04_11gwa.c:958:6:dig2_set	16	static
da04_11gwa.c:1002:6:dig3_set	16	static
da04_11gwa.c:1046:6:dig4_set	16	static
da04_11gwa.c:1091:6:minute_display	16	static
da04_11gwa.c:1097:6:hour_display	16	static
da04_11gwa.c:1103:6:status_register_display	16	static
da04_11gwa.c:1302:6:control_register_display	16	static
da04_11gwa.c:1501:6:number_display	16	static
da04_11gwa.c:1698:6:number_change_display	16	static
da04_11gwa.c:1895:6:ibutton_a_register_display	16	static
da04_11gwa.c:2094:6:ibutton_b_register_display	16	static
