m95.c:23:9:find_str	32	static
m95.c:46:6:m95_power_on	8	static
m95.c:55:6:m95_power_off	8	static
m95.c:66:6:modem_rx_buffer_clear	16	static
m95.c:74:9:ATE0	16	static
m95.c:102:9:AT	16	static
m95.c:130:9:request_to_server	16	static
m95.c:144:9:AT_CIPIN	24	static
m95.c:172:9:AT_CSQ	24	static
m95.c:222:9:AT_CIPSTATUS	24	static
m95.c:322:9:AT_CSTT	136	static
m95.c:360:9:AT_CIICR	24	static
m95.c:396:9:AT_CIFSR	24	static
m95.c:432:9:AT_CIPSTART	104	static
m95.c:489:9:AT_CIPSEND	40	static
m95.c:567:9:AT_CIPSHUT	24	static
m95.c:603:9:AT_CCID	216	static
m95.c:659:9:AT_CPOWD	32	static
m95.c:700:9:AT_CIPTKA	24	static
